******************************************************************************
                  TI ARM Linker PC v5.2.6                      
******************************************************************************
>> Linked Thu Feb 18 14:38:02 2016

OUTPUT FILE NAME:   <SimpleBLEPeripheralStack.out>
ENTRY POINT SYMBOL: "startup_entry"  address: 0000e001


MEMORY CONFIGURATION

         name            origin    length      used     unused   attr    fill
----------------------  --------  ---------  --------  --------  ----  --------
  FLASH                 0000e000   00011000  000106a2  0000095e  R  X
  SRAM                  200043ec   000004fb  000004d0  0000002b  RW X
  $BOUND$0x20004fec     20004fec   00000010  00000010  00000000  R IX


SEGMENT ALLOCATION MAP

run origin  load origin   length   init length attrs members
----------  ----------- ---------- ----------- ----- -------
0000e000    0000e000    0000e6a8   0000e6a8    r-x
  0000e000    0000e000    0000002c   0000002c    r-x EntrySection
  0000e02c    0000e02c    0000dce8   0000dce8    r-x .text
  0001bd14    0001bd14    00000798   00000798    r-- .const
  0001c4ac    0001c4ac    0000006e   0000006e    r-- .rodata
  0001c520    0001c520    00000188   00000188    r-- .cinit
0001d000    0001d000    00002000   00002000    r--
  0001d000    0001d000    00002000   00002000    r-- .TI.bound:SNV_FLASH
200043ec    200043ec    000004d0   00000000    rw-
  200043ec    200043ec    00000360   00000000    rw- .data
  2000474c    2000474c    00000170   00000000    rw- .bss
20004fec    20004fec    00000010   00000000    rw-
  20004fec    20004fec    00000010   00000000    rw- .TI.bound:mbIntCbackTable


SECTION ALLOCATION MAP

 output                                  attributes/
section   page    origin      length       input sections
--------  ----  ----------  ----------   ----------------
EntrySection 
*          0    0000e000    0000002c     
                  0000e000    0000002c     ICall_startup.obj (EntrySection)

.text      0    0000e02c    0000dce8     
                  0000e02c    00000fbc     CC2640Stack.a : gattservapp.o (.text)
                  0000efe8    00000d9c                   : ll_PATCH.o (.text)
                  0000fd84    00000d64     gapbondmgr.obj (.text)
                  00010ae8    00000a4c     CC2640Stack.a : gatt_server.o (.text)
                  00011534    0000094c                   : ll_common_PATCH.o (.text)
                  00011e80    000008c4     bleDispatch.obj (.text)
                  00012744    000008c0     CC2640Stack.a : gap_linkmgr.o (.text)
                  00013004    00000798     OSAL.obj (.text)
                  0001379c    0000075c     CC2640Stack.a : sm_pairing.o (.text)
                  00013ef8    00000716                   : ll_slaveEndCauses_PATCH.o (.text)
                  0001460e    00000002     hal_assert.obj (.text)
                  00014610    00000708     CC2640Stack.a : sm_mgr.o (.text)
                  00014d18    000006d4                   : ll_sleep.o (.text)
                  000153ec    000006a4                   : ll_config.o (.text)
                  00015a90    00000690                   : gap_peridevmgr.o (.text)
                  00016120    00000684                   : l2cap_util.o (.text)
                  000167a4    000005b0                   : att_util.o (.text)
                  00016d54    00000558                   : sm_rsppairing.o (.text)
                  000172ac    000004ec     osal_snv_wrapper.obj (.text)
                  00017798    00000470     CC2640Stack.a : ll_isr.o (.text)
                  00017c08    0000039a                   : smp.o (.text)
                  00017fa2    00000002     --HOLE-- [fill = 0]
                  00017fa4    00000382                   : ble_PATCH.o (.text)
                  00018326    00000002     --HOLE-- [fill = 0]
                  00018328    0000036c     mb_PATCH.obj (.text)
                  00018694    00000358     CC2640Stack.a : gap_configmgr.o (.text)
                  000189ec    00000338                   : ll_advEndCauses_PATCH.o (.text)
                  00018d24    00000008     ble_rom_PATCH.symbols (.tramp.llCalcScaFactor.1)
                  00018d2c    00000314     CC2640Stack.a : hci_event_PATCH.o (.text)
                  00019040    00000008     ble_rom_PATCH.symbols (.tramp.HCI_SendCommandCompleteEvent.1)
                  00019048    00000308     CC2640Stack.a : gapgattserver.o (.text)
                  00019350    000002fc                   : gatt_task.o (.text)
                  0001964c    000002d0                   : hci_PATCH.o (.text)
                  0001991c    00000008     ble_rom_PATCH.symbols (.tramp.HCI_CommandCompleteEvent.1)
                  00019924    00000008     ble_rom_PATCH.symbols (.tramp.HCI_CommandStatusEvent.1)
                  0001992c    00000008     ble_rom_PATCH.symbols (.tramp.LL_EXT_ResetSystem.1)
                  00019934    00000008     ble_rom_PATCH.symbols (.tramp.LL_ReadLocalVersionInfo.1)
                  0001993c    00000294     CC2640Stack.a : linkdb.o (.text)
                  00019bd0    00000284                   : gap_task.o (.text)
                  00019e54    00000284                   : l2cap_task.o (.text)
                  0001a0d8    00000248     OSAL_Timers.obj (.text)
                  0001a320    000001f4     rtsv7M3_T_le_eabi.lib : ull_div_t2.obj (.text)
                  0001a514    000001ec     CC2640Stack.a : att_server.o (.text)
                  0001a700    000001a0     osal_cbtimer.obj (.text)
                  0001a8a0    0000015e     CC2640Stack.a : l2cap_if.o (.text)
                  0001a9fe    00000002     --HOLE-- [fill = 0]
                  0001aa00    00000008     ble_rom_PATCH.symbols (.tramp.HCI_SetControllerToHostFlowCtrlCmd.1)
                  0001aa08    00000008     ble_rom_PATCH.symbols (.tramp.HCI_HostBufferSizeCmd.1)
                  0001aa10    00000008     ble_rom_PATCH.symbols (.tramp.HCI_HostNumCompletedPktCmd.1)
                  0001aa18    0000013e     CC2640Stack.a : gatt_uuid.o (.text)
                  0001ab56    00000002     --HOLE-- [fill = 0]
                  0001ab58    00000138                   : ll_scheduler_PATCH.o (.text)
                  0001ac90    00000114     OSAL_ICallBle.obj (.text)
                  0001ada4    0000010c     CC2640Stack.a : gap_perilinkmgr.o (.text)
                  0001aeb0    00000104                   : sm_task.o (.text)
                  0001afb4    000000c8     osal_bufmgr.obj (.text)
                  0001b07c    000000a8     CC2640Stack.a : hci_data_PATCH.o (.text)
                  0001b124    00000008     ble_rom_PATCH.symbols (.tramp.LL_CtrlToHostFlowControl.1)
                  0001b12c    0000009c     rtsv7M3_T_le_eabi.lib : memcpy_t2.obj (.text)
                  0001b1c8    00000090     OSAL_PwrMgr.obj (.text)
                  0001b258    00000082     CC2640Stack.a : gap_devmgr.o (.text)
                  0001b2da    0000007a     rtsv7M3_T_le_eabi.lib : memset_t2.obj (.text)
                  0001b354    00000078     CC2640Stack_HCI_TL.a : hci_tl.o (.text)
                  0001b3cc    00000078     driverlib.lib : interrupt.obj (.text:NOROM_IntDisable)
                  0001b444    00000078                   : interrupt.obj (.text:NOROM_IntEnable)
                  0001b4bc    0000006c     rtsv7M3_T_le_eabi.lib : autoinit.obj (.text)
                  0001b528    0000006a                           : copy_decompress_rle.obj (.text)
                  0001b592    00000002     --HOLE-- [fill = 0]
                  0001b594    00000068     OSAL_Clock.obj (.text)
                  0001b5fc    00000068     ROM_Init.obj (.text)
                  0001b664    00000064     gattservapp_util.obj (.text)
                  0001b6c8    00000064     hal_trng_wrapper.obj (.text)
                  0001b72c    00000054     bleUserConfig.obj (.text)
                  0001b780    00000054     hal_flash_wrapper.obj (.text)
                  0001b7d4    0000004c     rtsv7M3_T_le_eabi.lib : cpy_tbl.obj (.text)
                  0001b820    00000048     OSAL_MemoryICall.obj (.text)
                  0001b868    0000003c     gap.obj (.text)
                  0001b8a4    00000030     CommonROM_Init.obj (.text)
                  0001b8d4    00000026     driverlib.lib : trng.obj (.text:NOROM_TRNGConfigure)
                  0001b8fa    0000001e                   : flash.obj (.text:NOROM_FlashProgram)
                  0001b918    0000001e                   : flash.obj (.text:NOROM_FlashSectorErase)
                  0001b936    00000018     rtsv7M3_T_le_eabi.lib : ll_mul_t2.obj (.text)
                  0001b94e    00000016     driverlib.lib : vims.obj (.text:NOROM_VIMSModeGet)
                  0001b964    00000014     rtsv7M3_T_le_eabi.lib : strlen.obj (.text)
                  0001b978    00000012     OnBoard.obj (.text)
                  0001b98a    00000002     --HOLE-- [fill = 0]
                  0001b98c    00000008     ble_rom_PATCH.symbols (.tramp.LL_PseudoRand.1)
                  0001b994    0000000e     rtsv7M3_T_le_eabi.lib : copy_decompress_none.obj (.text:decompress:none)
                  0001b9a2    0000000c     driverlib.lib : cpu.obj (.text:NOROM_CPUcpsid)
                  0001b9ae    0000000c                   : cpu.obj (.text:NOROM_CPUcpsie)
                  0001b9ba    0000000c     rtsv7M3_T_le_eabi.lib : copy_zero_init.obj (.text:decompress:ZI)
                  0001b9c6    00000006                           : copy_decompress_rle.obj (.text:decompress:rle24)
                  0001b9cc    00000008     ble_rom_PATCH.symbols (.tramp.HCI_LE_SetRandomAddressCmd.1)
                  0001b9d4    00000008     ble_rom_PATCH.symbols (.tramp.llGetNumTxDataEntries.1)
                  0001b9dc    00000008     ble_rom_PATCH.symbols (.tramp.LL_ENC_GenDeviceIV.1)
                  0001b9e4    00000008     ble_rom_PATCH.symbols (.tramp.LL_ENC_GenDeviceSKD.1)
                  0001b9ec    00000008     ble_rom_PATCH.symbols (.tramp.LL_ENC_ReverseBytes.1)
                  0001b9f4    00000008     ble_rom_PATCH.symbols (.tramp.llMemCopySrc.1)
                  0001b9fc    00000008     ble_rom_PATCH.symbols (.tramp.LL_ENC_Decrypt.1)
                  0001ba04    00000008     ble_rom_PATCH.symbols (.tramp.HCI_LE_LtkReqNegReplyCmd.1)
                  0001ba0c    00000008     ble_rom_PATCH.symbols (.tramp.HCI_LE_LtkReqReplyCmd.1)
                  0001ba14    00000008     ble_rom_PATCH.symbols (.tramp.HCI_SendDataPkt.1)
                  0001ba1c    00000008     ble_rom_PATCH.symbols (.tramp.HCI_LE_SetAdvParamCmd.1)
                  0001ba24    00000008     ble_rom_PATCH.symbols (.tramp.HCI_LE_SetAdvEnableCmd.1)
                  0001ba2c    00000008     ble_rom_PATCH.symbols (.tramp.HCI_LE_SetScanRspDataCmd.1)
                  0001ba34    00000008     ble_rom_PATCH.symbols (.tramp.HCI_LE_SetAdvDataCmd.1)
                  0001ba3c    00000008     ble_rom_PATCH.symbols (.tramp.llPatchCM0.1)
                  0001ba44    00000008     ble_rom_PATCH.symbols (.tramp.LL_Encrypt.1)
                  0001ba4c    00000008     ble_rom_PATCH.symbols (.tramp.HCI_LE_RandCmd.1)
                  0001ba54    00000008     ble_rom_PATCH.symbols (.tramp.llMoveTempTxDataEntries.1)
                  0001ba5c    00000008     ble_rom_PATCH.symbols (.tramp.llSetupVersionIndReq.1)
                  0001ba64    00000008     ble_rom_PATCH.symbols (.tramp.LL_ReadRemoteVersionInfoCback.1)
                  0001ba6c    00000008     ble_rom_PATCH.symbols (.tramp.llSetupPauseEncRsp.1)
                  0001ba74    00000008     ble_rom_PATCH.symbols (.tramp.llSetupStartEncRsp.1)
                  0001ba7c    00000008     ble_rom_PATCH.symbols (.tramp.LL_EncChangeCback.1)
                  0001ba84    00000008     ble_rom_PATCH.symbols (.tramp.LL_EncKeyRefreshCback.1)
                  0001ba8c    00000008     ble_rom_PATCH.symbols (.tramp.LL_ENC_AES128_Encrypt.1)
                  0001ba94    00000008     ble_rom_PATCH.symbols (.tramp.llSetupStartEncReq.1)
                  0001ba9c    00000008     ble_rom_PATCH.symbols (.tramp.llSetupEncRsp.1)
                  0001baa4    00000008     ble_rom_PATCH.symbols (.tramp.LL_EncLtkReqCback.1)
                  0001baac    00000008     ble_rom_PATCH.symbols (.tramp.llSetupUnknownRsp.1)
                  0001bab4    00000008     ble_rom_PATCH.symbols (.tramp.llConvertCtrlProcTimeoutToEvent.1)
                  0001babc    00000008     ble_rom_PATCH.symbols (.tramp.llConvertLstoToEvent.1)
                  0001bac4    00000008     ble_rom_PATCH.symbols (.tramp.llEventInRange.1)
                  0001bacc    00000008     ble_rom_PATCH.symbols (.tramp.llCheckForLstoDuringSL.1)
                  0001bad4    00000008     ble_rom_PATCH.symbols (.tramp.llConnTerminate.1)
                  0001badc    00000008     ble_rom_PATCH.symbols (.tramp.HCI_DisconnectCmd.1)
                  0001bae4    00000008     ble_rom_PATCH.symbols (.tramp.HCI_ReadRemoteVersionInfoCmd.1)
                  0001baec    00000008     ble_rom_PATCH.symbols (.tramp.HCI_SetEventMaskCmd.1)
                  0001baf4    00000008     ble_rom_PATCH.symbols (.tramp.HCI_ReadTransmitPowerLevelCmd.1)
                  0001bafc    00000008     ble_rom_PATCH.symbols (.tramp.HCI_ReadLocalSupportedFeaturesCmd.1)
                  0001bb04    00000008     ble_rom_PATCH.symbols (.tramp.HCI_ReadBDADDRCmd.1)
                  0001bb0c    00000008     ble_rom_PATCH.symbols (.tramp.HCI_ReadRssiCmd.1)
                  0001bb14    00000008     ble_rom_PATCH.symbols (.tramp.HCI_LE_ReadLocalSupportedFeaturesCmd.1)
                  0001bb1c    00000008     ble_rom_PATCH.symbols (.tramp.HCI_LE_ReadAdvChanTxPowerCmd.1)
                  0001bb24    00000008     ble_rom_PATCH.symbols (.tramp.HCI_LE_ReadWhiteListSizeCmd.1)
                  0001bb2c    00000008     ble_rom_PATCH.symbols (.tramp.HCI_LE_RemoveWhiteListCmd.1)
                  0001bb34    00000008     ble_rom_PATCH.symbols (.tramp.HCI_LE_ReadChannelMapCmd.1)
                  0001bb3c    00000008     ble_rom_PATCH.symbols (.tramp.HCI_LE_EncryptCmd.1)
                  0001bb44    00000008     ble_rom_PATCH.symbols (.tramp.HCI_LE_ReadSupportedStatesCmd.1)
                  0001bb4c    00000008     ble_rom_PATCH.symbols (.tramp.HCI_LE_TestEndCmd.1)
                  0001bb54    00000008     ble_rom_PATCH.symbols (.tramp.HCI_EXT_SetTxPowerCmd.1)
                  0001bb5c    00000008     ble_rom_PATCH.symbols (.tramp.HCI_EXT_OnePktPerEvtCmd.1)
                  0001bb64    00000008     ble_rom_PATCH.symbols (.tramp.HCI_EXT_DecryptCmd.1)
                  0001bb6c    00000008     ble_rom_PATCH.symbols (.tramp.HCI_EXT_SetLocalSupportedFeaturesCmd.1)
                  0001bb74    00000008     ble_rom_PATCH.symbols (.tramp.HCI_EXT_SetFastTxResponseTimeCmd.1)
                  0001bb7c    00000008     ble_rom_PATCH.symbols (.tramp.HCI_EXT_ModemTestTxCmd.1)
                  0001bb84    00000008     ble_rom_PATCH.symbols (.tramp.HCI_EXT_ModemHopTestTxCmd.1)
                  0001bb8c    00000008     ble_rom_PATCH.symbols (.tramp.HCI_EXT_ModemTestRxCmd.1)
                  0001bb94    00000008     ble_rom_PATCH.symbols (.tramp.HCI_EXT_EndModemTestCmd.1)
                  0001bb9c    00000008     ble_rom_PATCH.symbols (.tramp.HCI_EXT_SetBDADDRCmd.1)
                  0001bba4    00000008     ble_rom_PATCH.symbols (.tramp.HCI_EXT_SetSCACmd.1)
                  0001bbac    00000008     ble_rom_PATCH.symbols (.tramp.HCI_EXT_EnablePTMCmd.1)
                  0001bbb4    00000008     ble_rom_PATCH.symbols (.tramp.HCI_EXT_SetMaxDtmTxPowerCmd.1)
                  0001bbbc    00000008     ble_rom_PATCH.symbols (.tramp.HCI_EXT_DisconnectImmedCmd.1)
                  0001bbc4    00000008     ble_rom_PATCH.symbols (.tramp.HCI_EXT_PacketErrorRateCmd.1)
                  0001bbcc    00000008     ble_rom_PATCH.symbols (.tramp.HCI_EXT_PERbyChanCmd.1)
                  0001bbd4    00000008     ble_rom_PATCH.symbols (.tramp.HCI_EXT_AdvEventNoticeCmd.1)
                  0001bbdc    00000008     ble_rom_PATCH.symbols (.tramp.HCI_EXT_SetSlaveLatencyOverrideCmd.1)
                  0001bbe4    00000008     ble_rom_PATCH.symbols (.tramp.HCI_EXT_BuildRevisionCmd.1)
                  0001bbec    00000008     ble_rom_PATCH.symbols (.tramp.HCI_EXT_NumComplPktsLimitCmd.1)
                  0001bbf4    00000008     ble_rom_PATCH.symbols (.tramp.llSetupRejectInd.1)
                  0001bbfc    00000008     ble_rom_PATCH.symbols (.tramp.llTimeDelta.1)
                  0001bc04    00000008     ble_rom_PATCH.symbols (.tramp.LL_RX_bm_alloc.1)
                  0001bc0c    00000008     ble_rom_PATCH.symbols (.tramp.HCI_bm_alloc.1)
                  0001bc14    00000008     ble_rom_PATCH.symbols (.tramp.llTimeCompare.1)
                  0001bc1c    00000008     ble_rom_PATCH.symbols (.tramp.llReleaseConnId.1)
                  0001bc24    00000008     ble_rom_PATCH.symbols (.tramp.LL_ENC_Encrypt.1)
                  0001bc2c    00000008     ble_rom_PATCH.symbols (.tramp.LL_TX_bm_alloc.1)
                  0001bc34    00000008     ble_rom_PATCH.symbols (.tramp.llEventDelta.1)
                  0001bc3c    00000008     ble_rom_PATCH.symbols (.tramp.HCI_LE_AddWhiteListCmd.1)
                  0001bc44    00000008     ble_rom_PATCH.symbols (.tramp.HCI_LE_ClearWhiteListCmd.1)
                  0001bc4c    00000008     ble_rom_PATCH.symbols (.tramp.llFreeTask.1)
                  0001bc54    00000008     ble_rom_PATCH.symbols (.tramp.llGetNumTasks.1)
                  0001bc5c    00000008     ble_rom_PATCH.symbols (.tramp.llScheduler.1)
                  0001bc64    00000008     ble_rom_PATCH.symbols (.tramp.llSetupAdv.1)
                  0001bc6c    00000008     ble_rom_PATCH.symbols (.tramp.llGetActiveTasks.1)
                  0001bc74    00000008     ble_rom_PATCH.symbols (.tramp.LL_DirectTestEndDoneCback.1)
                  0001bc7c    00000008     ble_rom_PATCH.symbols (.tramp.llRfStartFS.1)
                  0001bc84    00000008     ble_rom_PATCH.symbols (.tramp.llWriteTxData.1)
                  0001bc8c    00000008     ble_rom_PATCH.symbols (.tramp.HCI_DataBufferOverflowEvent.1)
                  0001bc94    00000008     ble_rom_PATCH.symbols (.tramp.llEnqueueCtrlPkt.1)
                  0001bc9c    00000008     ble_rom_PATCH.symbols (.tramp.LL_ConnActive.1)
                  0001bca4    00000008     ble_rom_PATCH.symbols (.tramp.llReleaseAllConnId.1)
                  0001bcac    00000008     ble_rom_PATCH.symbols (.tramp.LL_ClearWhiteList.1)
                  0001bcb4    00000008     ble_rom_PATCH.symbols (.tramp.LL_ENC_Init.1)
                  0001bcbc    00000008     ble_rom_PATCH.symbols (.tramp.WL_Init.1)
                  0001bcc4    00000008     ble_rom_PATCH.symbols (.tramp.llHaltRadio.1)
                  0001bccc    00000008     ble_rom_PATCH.symbols (.tramp.HCI_HardwareErrorEvent.1)
                  0001bcd4    00000008     ble_rom_PATCH.symbols (.tramp.LL_ConnectionCompleteCback.1)
                  0001bcdc    00000008     ble_rom_PATCH.symbols (.tramp.llGetCurrentTask.1)
                  0001bce4    00000008     ble_rom_PATCH.symbols (.tramp.LL_ENC_GenerateTrueRandNum.1)
                  0001bcec    00000008     ble_rom_PATCH.symbols (.tramp.llInitRAT.1)
                  0001bcf4    00000008     ble_rom_PATCH.symbols (.tramp.llGetCurrentTime.1)
                  0001bcfc    00000008     ble_rom_PATCH.symbols (.tramp.llSetupRfHal.1)
                  0001bd04    00000008     ble_rom_PATCH.symbols (.tramp.llSetupMailbox.1)
                  0001bd0c    00000008     ble_rom_PATCH.symbols (.tramp.llResetRadio.1)

.const     0    0001bd14    00000798     
                  0001bd14    00000664     ROM_Init.obj (.const)
                  0001c378    0000010c     CommonROM_Init.obj (.const)
                  0001c484    00000028     OSAL_ICallBle.obj (.const:tasksArr)

.rodata    0    0001c4ac    0000006e     
                  0001c4ac    0000005c     CC2640Stack.a : ll_config.o (.rodata)
                  0001c508    00000008                   : gapgattserver.o (.rodata)
                  0001c510    00000008                   : gattservapp.o (.rodata)
                  0001c518    00000002                   : ll_PATCH.o (.rodata)

.cinit     0    0001c520    00000188     
                  0001c520    0000014e     (.cinit..data.load) [load image, compression = rle]
                  0001c66e    00000002     --HOLE-- [fill = 0]
                  0001c670    0000000c     (__TI_handler_table)
                  0001c67c    00000004     --HOLE-- [fill = 0]
                  0001c680    00000008     (.cinit..TI.bound:mbIntCbackTable.load) [load image, compression = zero_init]
                  0001c688    00000008     (.cinit..bss.load) [load image, compression = zero_init]
                  0001c690    00000018     (__TI_cinit_table)

.init_array 
*          0    0000e000    00000000     UNINITIALIZED

.TI.bound:SNV_FLASH 
*          0    0001d000    00002000     
                  0001d000    00002000     osal_snv_wrapper.obj (.TI.bound:SNV_FLASH)

.data      0    200043ec    00000360     UNINITIALIZED
                  200043ec    000000cc     gapbondmgr.obj (.data)
                  200044b8    0000007c     osal_cbtimer.obj (.data)
                  20004534    00000070     CC2640Stack.a : gapgattserver.o (.data)
                  200045a4    00000050                   : gap_configmgr.o (.data)
                  200045f4    0000003c                   : ll_sleep.o (.data)
                  20004630    0000002c                   : gap_configmgr.o (.data)
                  2000465c    0000002c     OSAL.obj (.data)
                  20004688    00000024     CC2640Stack.a : gapgattserver.o (.data)
                  200046ac    0000001c                   : gap_linkmgr.o (.data)
                  200046c8    0000001c                   : gap_peridevmgr.o (.data)
                  200046e4    00000010                   : gattservapp.o (.data)
                  200046f4    00000010                   : ll_config.o (.data)
                  20004704    0000000c                   : gap_task.o (.data)
                  20004710    0000000c                   : ll_common_PATCH.o (.data)
                  2000471c    0000000c                   : sm_rsppairing.o (.data)
                  20004728    00000008                   : gatt_server.o (.data)
                  20004730    00000008     OSAL_Clock.obj (.data)
                  20004738    00000004     CC2640Stack.a : gap_perilinkmgr.o (.data)
                  2000473c    00000004     OSAL_PwrMgr.obj (.data)
                  20004740    00000004     osal_bufmgr.obj (.data)
                  20004744    00000002     CC2640Stack.a : l2cap_task.o (.data)
                  20004746    00000001                   : gapgattserver.o (.data)
                  20004747    00000001                   : gapgattserver.o (.data)
                  20004748    00000001                   : gapgattserver.o (.data)
                  20004749    00000001                   : gatt_server.o (.data)
                  2000474a    00000001                   : gatt_task.o (.data)
                  2000474b    00000001                   : gattservapp.o (.data)

.bss       0    2000474c    00000170     UNINITIALIZED
                  2000474c    0000003c     bleDispatch.obj (.bss)
                  20004788    00000038     CC2640Stack.a : linkdb.o (.bss)
                  200047c0    00000030                   : l2cap_task.o (.bss)
                  200047f0    00000024                   : gattservapp.o (.bss)
                  20004814    00000018                   : ll_sleep.o (.bss)
                  2000482c    00000010                   : hci_event_PATCH.o (.bss)
                  2000483c    00000010                   : ll_PATCH.o (.bss)
                  2000484c    0000000c                   : sm_pairing.o (.bss)
                  20004858    0000000c     ICall_startup.obj (.bss)
                  20004864    00000008     CC2640Stack.a : gatt_task.o (.bss)
                  2000486c    00000008                   : l2cap_task.o (.bss)
                  20004874    00000008     OSAL_Timers.obj (.bss)
                  2000487c    00000008     osal_snv_wrapper.obj (.bss)
                  20004884    00000006     CC2640Stack_HCI_TL.a : hci_tl.o (.bss)
                  2000488a    00000002     CC2640Stack.a : gap_peridevmgr.o (.bss)
                  2000488c    00000004                   : att_server.o (.bss)
                  20004890    00000004                   : gap_devmgr.o (.bss)
                  20004894    00000004                   : gap_devmgr.o (.bss)
                  20004898    00000004                   : gap_linkmgr.o (.bss)
                  2000489c    00000004                   : gapgattserver.o (.bss)
                  200048a0    00000004                   : gatt_server.o (.bss)
                  200048a4    00000004                   : gattservapp.o (.bss)
                  200048a8    00000004                   : sm_mgr.o (.bss)
                  200048ac    00000004     (.common:lastTrngVal$22)
                  200048b0    00000004     (.common:tasksEvents)
                  200048b4    00000002                   : gatt_task.o (.bss)
                  200048b6    00000002                   : ll_slaveEndCauses_PATCH.o (.bss)
                  200048b8    00000001                   : l2cap_if.o (.bss)
                  200048b9    00000001                   : l2cap_util.o (.bss)
                  200048ba    00000001                   : ll_sleep.o (.bss)
                  200048bb    00000001                   : sm_task.o (.bss)

.TI.persistent 
*          0    200043ec    00000000     UNINITIALIZED

.TI.noinit 
*          0    2000474c    00000000     UNINITIALIZED

.TI.bound:mbIntCbackTable 
*          0    20004fec    00000010     UNINITIALIZED
                  20004fec    00000010     mb_PATCH.obj (.TI.bound:mbIntCbackTable)


LINKER GENERATED COPY TABLES

__TI_cinit_table @ 0001c690 records: 3, size/record: 8, table size: 24
	.data: load addr=0001c520, load size=0000014e bytes, run addr=200043ec, run size=00000360 bytes, compression=rle
	.TI.bound:mbIntCbackTable: load addr=0001c680, load size=00000008 bytes, run addr=20004fec, run size=00000010 bytes, compression=zero_init
	.bss: load addr=0001c688, load size=00000008 bytes, run addr=2000474c, run size=00000170 bytes, compression=zero_init


LINKER GENERATED HANDLER TABLE

__TI_handler_table @ 0001c670 records: 3, size/record: 4, table size: 12
	index: 0, handler: __TI_decompress_rle24
	index: 1, handler: __TI_decompress_none
	index: 2, handler: __TI_zero_init


FAR CALL TRAMPOLINES

callee name               trampoline name
   callee addr  tramp addr   call addr  call info
--------------  -----------  ---------  ----------------
llCalcScaFactor           $Tramp$TT$L$PI$$llCalcScaFactor
   1000d94d     00018d24     00018b30   CC2640Stack.a : ll_advEndCauses_PATCH.o (.text)
HCI_SendCommandCompleteEvent  $Tramp$TT$L$PI$$HCI_SendCommandCompleteEvent
   10008c81     00019040     00019012   CC2640Stack.a : hci_event_PATCH.o (.text)
HCI_CommandCompleteEvent  $Tramp$TT$L$PI$$HCI_CommandCompleteEvent
   10008add     0001991c     000196b6   CC2640Stack.a : hci_PATCH.o (.text)
                             00019766                 : hci_PATCH.o (.text)
                             00019790                 : hci_PATCH.o (.text)
                             000198ce                 : hci_PATCH.o (.text)
HCI_CommandStatusEvent    $Tramp$TT$L$PI$$HCI_CommandStatusEvent
   10008ba1     00019924     0001977a   CC2640Stack.a : hci_PATCH.o (.text)
                             000197ec                 : hci_PATCH.o (.text)
LL_EXT_ResetSystem        $Tramp$TT$L$PI$$LL_EXT_ResetSystem
   100070d5     0001992c     00019808   CC2640Stack.a : hci_PATCH.o (.text)
LL_ReadLocalVersionInfo   $Tramp$TT$L$PI$$LL_ReadLocalVersionInfo
   1000589d     00019934     0001988c   CC2640Stack.a : hci_PATCH.o (.text)
HCI_SetControllerToHostFlowCtrlCmd  $Tramp$TT$L$PI$$HCI_SetControllerToHostFlowCtrlCmd
   100095f5     0001aa00     0001a98c   CC2640Stack.a : l2cap_if.o (.text)
                             0001a9ae                 : l2cap_if.o (.text)
HCI_HostBufferSizeCmd     $Tramp$TT$L$PI$$HCI_HostBufferSizeCmd
   10009631     0001aa08     0001a9a4   CC2640Stack.a : l2cap_if.o (.text)
HCI_HostNumCompletedPktCmd  $Tramp$TT$L$PI$$HCI_HostNumCompletedPktCmd
   1000965d     0001aa10     0001a9c2   CC2640Stack.a : l2cap_if.o (.text)
LL_CtrlToHostFlowControl  $Tramp$TT$L$PI$$LL_CtrlToHostFlowControl
   100058d5     0001b124     0001b09e   CC2640Stack.a : hci_data_PATCH.o (.text)
LL_PseudoRand             $Tramp$TT$L$PI$$LL_PseudoRand
   10005801     0001b98c     0001b980   OnBoard.obj (.text)
HCI_LE_SetRandomAddressCmd  $Tramp$TT$L$PI$$HCI_LE_SetRandomAddressCmd
   10009849     0001b9cc     0001889c   CC2640Stack.a : gap_configmgr.o (.text)
llGetNumTxDataEntries     $Tramp$TT$L$PI$$llGetNumTxDataEntries
   1000b009     0001b9d4     00018254   CC2640Stack.a : ble_PATCH.o (.text)
LL_ENC_GenDeviceIV        $Tramp$TT$L$PI$$LL_ENC_GenDeviceIV
   1000b555     0001b9dc     00018132   CC2640Stack.a : ble_PATCH.o (.text)
LL_ENC_GenDeviceSKD       $Tramp$TT$L$PI$$LL_ENC_GenDeviceSKD
   1000b541     0001b9e4     0001812a   CC2640Stack.a : ble_PATCH.o (.text)
LL_ENC_ReverseBytes       $Tramp$TT$L$PI$$LL_ENC_ReverseBytes
   1000b4ed     0001b9ec     0001810c   CC2640Stack.a : ble_PATCH.o (.text)
                             00018122                 : ble_PATCH.o (.text)
llMemCopySrc              $Tramp$TT$L$PI$$llMemCopySrc
   100089d9     0001b9f4     00018008   CC2640Stack.a : ble_PATCH.o (.text)
                             00018014                 : ble_PATCH.o (.text)
                             00018020                 : ble_PATCH.o (.text)
                             0001802c                 : ble_PATCH.o (.text)
                             00018050                 : ble_PATCH.o (.text)
                             0001808c                 : ble_PATCH.o (.text)
                             00018098                 : ble_PATCH.o (.text)
                             000180e8                 : ble_PATCH.o (.text)
                             000180f4                 : ble_PATCH.o (.text)
                             00018102                 : ble_PATCH.o (.text)
                             0001811a                 : ble_PATCH.o (.text)
                             000181d6                 : ble_PATCH.o (.text)
                             000181e2                 : ble_PATCH.o (.text)
LL_ENC_Decrypt            $Tramp$TT$L$PI$$LL_ENC_Decrypt
   1000b9dd     0001b9fc     00017a58   CC2640Stack.a : ll_isr.o (.text)
HCI_LE_LtkReqNegReplyCmd  $Tramp$TT$L$PI$$HCI_LE_LtkReqNegReplyCmd
   10009be1     0001ba04     00016e26   CC2640Stack.a : sm_rsppairing.o (.text)
HCI_LE_LtkReqReplyCmd     $Tramp$TT$L$PI$$HCI_LE_LtkReqReplyCmd
   10009bc5     0001ba0c     00016e0c   CC2640Stack.a : sm_rsppairing.o (.text)
HCI_SendDataPkt           $Tramp$TT$L$PI$$HCI_SendDataPkt
   100094e9     0001ba14     00016310   CC2640Stack.a : l2cap_util.o (.text)
HCI_LE_SetAdvParamCmd     $Tramp$TT$L$PI$$HCI_LE_SetAdvParamCmd
   1000986d     0001ba1c     00015dc2   CC2640Stack.a : gap_peridevmgr.o (.text)
HCI_LE_SetAdvEnableCmd    $Tramp$TT$L$PI$$HCI_LE_SetAdvEnableCmd
   100098d9     0001ba24     00015be4   CC2640Stack.a : gap_peridevmgr.o (.text)
                             00015de0                 : gap_peridevmgr.o (.text)
HCI_LE_SetScanRspDataCmd  $Tramp$TT$L$PI$$HCI_LE_SetScanRspDataCmd
   100098bd     0001ba2c     00015b94   CC2640Stack.a : gap_peridevmgr.o (.text)
                             00016082                 : gap_peridevmgr.o (.text)
HCI_LE_SetAdvDataCmd      $Tramp$TT$L$PI$$HCI_LE_SetAdvDataCmd
   100098a1     0001ba34     00015b8a   CC2640Stack.a : gap_peridevmgr.o (.text)
                             00016078                 : gap_peridevmgr.o (.text)
llPatchCM0                $Tramp$TT$L$PI$$llPatchCM0
   1000adb1     0001ba3c     00014ed0   CC2640Stack.a : ll_sleep.o (.text)
LL_Encrypt                $Tramp$TT$L$PI$$LL_Encrypt
   100057d5     0001ba44     000149b0   CC2640Stack.a : sm_mgr.o (.text)
HCI_LE_RandCmd            $Tramp$TT$L$PI$$HCI_LE_RandCmd
   10009b51     0001ba4c     0001461e   CC2640Stack.a : sm_mgr.o (.text)
                             00014716                 : sm_mgr.o (.text)
llMoveTempTxDataEntries   $Tramp$TT$L$PI$$llMoveTempTxDataEntries
   1000afa1     0001ba54     0001460a   CC2640Stack.a : ll_slaveEndCauses_PATCH.o (.text)
llSetupVersionIndReq      $Tramp$TT$L$PI$$llSetupVersionIndReq
   10007f29     0001ba5c     000145a8   CC2640Stack.a : ll_slaveEndCauses_PATCH.o (.text)
LL_ReadRemoteVersionInfoCback  $Tramp$TT$L$PI$$LL_ReadRemoteVersionInfoCback
   100091e1     0001ba64     00014588   CC2640Stack.a : ll_slaveEndCauses_PATCH.o (.text)
                             0001459c                 : ll_slaveEndCauses_PATCH.o (.text)
llSetupPauseEncRsp        $Tramp$TT$L$PI$$llSetupPauseEncRsp
   10007d55     0001ba6c     00014510   CC2640Stack.a : ll_slaveEndCauses_PATCH.o (.text)
llSetupStartEncRsp        $Tramp$TT$L$PI$$llSetupStartEncRsp
   10007ca9     0001ba74     000144f6   CC2640Stack.a : ll_slaveEndCauses_PATCH.o (.text)
LL_EncChangeCback         $Tramp$TT$L$PI$$LL_EncChangeCback
   1000933d     0001ba7c     000144e4   CC2640Stack.a : ll_slaveEndCauses_PATCH.o (.text)
LL_EncKeyRefreshCback     $Tramp$TT$L$PI$$LL_EncKeyRefreshCback
   100093dd     0001ba84     000144da   CC2640Stack.a : ll_slaveEndCauses_PATCH.o (.text)
LL_ENC_AES128_Encrypt     $Tramp$TT$L$PI$$LL_ENC_AES128_Encrypt
   1000b5f5     0001ba8c     000144a6   CC2640Stack.a : ll_slaveEndCauses_PATCH.o (.text)
llSetupStartEncReq        $Tramp$TT$L$PI$$llSetupStartEncReq
   10007c55     0001ba94     00014480   CC2640Stack.a : ll_slaveEndCauses_PATCH.o (.text)
llSetupEncRsp             $Tramp$TT$L$PI$$llSetupEncRsp
   10007b95     0001ba9c     0001444a   CC2640Stack.a : ll_slaveEndCauses_PATCH.o (.text)
LL_EncLtkReqCback         $Tramp$TT$L$PI$$LL_EncLtkReqCback
   1000925d     0001baa4     00014442   CC2640Stack.a : ll_slaveEndCauses_PATCH.o (.text)
llSetupUnknownRsp         $Tramp$TT$L$PI$$llSetupUnknownRsp
   10008069     0001baac     000143aa   CC2640Stack.a : ll_slaveEndCauses_PATCH.o (.text)
llConvertCtrlProcTimeoutToEvent  $Tramp$TT$L$PI$$llConvertCtrlProcTimeoutToEvent
   10008741     0001bab4     000141fa   CC2640Stack.a : ll_slaveEndCauses_PATCH.o (.text)
                             00018b16                 : ll_advEndCauses_PATCH.o (.text)
llConvertLstoToEvent      $Tramp$TT$L$PI$$llConvertLstoToEvent
   10008721     0001babc     0001419c   CC2640Stack.a : ll_slaveEndCauses_PATCH.o (.text)
                             00018b0c                 : ll_advEndCauses_PATCH.o (.text)
llEventInRange            $Tramp$TT$L$PI$$llEventInRange
   100086f1     0001bac4     0001412c   CC2640Stack.a : ll_slaveEndCauses_PATCH.o (.text)
                             0001414c                 : ll_slaveEndCauses_PATCH.o (.text)
llCheckForLstoDuringSL    $Tramp$TT$L$PI$$llCheckForLstoDuringSL
   1000c1b5     0001bacc     0001410a   CC2640Stack.a : ll_slaveEndCauses_PATCH.o (.text)
llConnTerminate           $Tramp$TT$L$PI$$llConnTerminate
   10008631     0001bad4     00014048   CC2640Stack.a : ll_slaveEndCauses_PATCH.o (.text)
                             00014326                 : ll_slaveEndCauses_PATCH.o (.text)
                             0001440a                 : ll_slaveEndCauses_PATCH.o (.text)
                             00018be8                 : ll_advEndCauses_PATCH.o (.text)
HCI_DisconnectCmd         $Tramp$TT$L$PI$$HCI_DisconnectCmd
   10009525     0001badc     000127ae   CC2640Stack.a : gap_linkmgr.o (.text)
                             00012c9e                 : gap_linkmgr.o (.text)
HCI_ReadRemoteVersionInfoCmd  $Tramp$TT$L$PI$$HCI_ReadRemoteVersionInfoCmd
   10009541     0001bae4     00012626   bleDispatch.obj (.text)
HCI_SetEventMaskCmd       $Tramp$TT$L$PI$$HCI_SetEventMaskCmd
   10009571     0001baec     00012620   bleDispatch.obj (.text)
HCI_ReadTransmitPowerLevelCmd  $Tramp$TT$L$PI$$HCI_ReadTransmitPowerLevelCmd
   100095d1     0001baf4     00012616   bleDispatch.obj (.text)
HCI_ReadLocalSupportedFeaturesCmd  $Tramp$TT$L$PI$$HCI_ReadLocalSupportedFeaturesCmd
   1000973d     0001bafc     00012600   bleDispatch.obj (.text)
HCI_ReadBDADDRCmd         $Tramp$TT$L$PI$$HCI_ReadBDADDRCmd
   10009765     0001bb04     000125fc   bleDispatch.obj (.text)
                             000186d8   CC2640Stack.a : gap_configmgr.o (.text)
HCI_ReadRssiCmd           $Tramp$TT$L$PI$$HCI_ReadRssiCmd
   1000978d     0001bb0c     000125f8   bleDispatch.obj (.text)
HCI_LE_ReadLocalSupportedFeaturesCmd  $Tramp$TT$L$PI$$HCI_LE_ReadLocalSupportedFeaturesCmd
   10009829     0001bb14     000125ec   bleDispatch.obj (.text)
HCI_LE_ReadAdvChanTxPowerCmd  $Tramp$TT$L$PI$$HCI_LE_ReadAdvChanTxPowerCmd
   100098f5     0001bb1c     000125e8   bleDispatch.obj (.text)
HCI_LE_ReadWhiteListSizeCmd  $Tramp$TT$L$PI$$HCI_LE_ReadWhiteListSizeCmd
   100099c9     0001bb24     000125e4   bleDispatch.obj (.text)
HCI_LE_RemoveWhiteListCmd  $Tramp$TT$L$PI$$HCI_LE_RemoveWhiteListCmd
   10009a31     0001bb2c     000125d4   bleDispatch.obj (.text)
HCI_LE_ReadChannelMapCmd  $Tramp$TT$L$PI$$HCI_LE_ReadChannelMapCmd
   10009aa1     0001bb34     000125cc   bleDispatch.obj (.text)
HCI_LE_EncryptCmd         $Tramp$TT$L$PI$$HCI_LE_EncryptCmd
   10009af5     0001bb3c     000125c0   bleDispatch.obj (.text)
HCI_LE_ReadSupportedStatesCmd  $Tramp$TT$L$PI$$HCI_LE_ReadSupportedStatesCmd
   10009c15     0001bb44     000125b8   bleDispatch.obj (.text)
HCI_LE_TestEndCmd         $Tramp$TT$L$PI$$HCI_LE_TestEndCmd
   10009c8d     0001bb4c     000125a2   bleDispatch.obj (.text)
HCI_EXT_SetTxPowerCmd     $Tramp$TT$L$PI$$HCI_EXT_SetTxPowerCmd
   10009d09     0001bb54     0001259e   bleDispatch.obj (.text)
HCI_EXT_OnePktPerEvtCmd   $Tramp$TT$L$PI$$HCI_EXT_OnePktPerEvtCmd
   10009d45     0001bb5c     00012598   bleDispatch.obj (.text)
HCI_EXT_DecryptCmd        $Tramp$TT$L$PI$$HCI_EXT_DecryptCmd
   10009dd1     0001bb64     00012592   bleDispatch.obj (.text)
HCI_EXT_SetLocalSupportedFeaturesCmd  $Tramp$TT$L$PI$$HCI_EXT_SetLocalSupportedFeaturesCmd
   10009e2d     0001bb6c     0001258a   bleDispatch.obj (.text)
HCI_EXT_SetFastTxResponseTimeCmd  $Tramp$TT$L$PI$$HCI_EXT_SetFastTxResponseTimeCmd
   10009e4d     0001bb74     00012584   bleDispatch.obj (.text)
HCI_EXT_ModemTestTxCmd    $Tramp$TT$L$PI$$HCI_EXT_ModemTestTxCmd
   10009e8d     0001bb7c     0001257e   bleDispatch.obj (.text)
HCI_EXT_ModemHopTestTxCmd  $Tramp$TT$L$PI$$HCI_EXT_ModemHopTestTxCmd
   10009ead     0001bb84     00012576   bleDispatch.obj (.text)
HCI_EXT_ModemTestRxCmd    $Tramp$TT$L$PI$$HCI_EXT_ModemTestRxCmd
   10009ecd     0001bb8c     00012572   bleDispatch.obj (.text)
HCI_EXT_EndModemTestCmd   $Tramp$TT$L$PI$$HCI_EXT_EndModemTestCmd
   10009eed     0001bb94     0001256c   bleDispatch.obj (.text)
HCI_EXT_SetBDADDRCmd      $Tramp$TT$L$PI$$HCI_EXT_SetBDADDRCmd
   10009f0d     0001bb9c     00012568   bleDispatch.obj (.text)
HCI_EXT_SetSCACmd         $Tramp$TT$L$PI$$HCI_EXT_SetSCACmd
   10009f49     0001bba4     00012562   bleDispatch.obj (.text)
HCI_EXT_EnablePTMCmd      $Tramp$TT$L$PI$$HCI_EXT_EnablePTMCmd
   10009f69     0001bbac     0001255c   bleDispatch.obj (.text)
HCI_EXT_SetMaxDtmTxPowerCmd  $Tramp$TT$L$PI$$HCI_EXT_SetMaxDtmTxPowerCmd
   10009fd1     0001bbb4     00012558   bleDispatch.obj (.text)
HCI_EXT_DisconnectImmedCmd  $Tramp$TT$L$PI$$HCI_EXT_DisconnectImmedCmd
   1000a011     0001bbbc     00012552   bleDispatch.obj (.text)
HCI_EXT_PacketErrorRateCmd  $Tramp$TT$L$PI$$HCI_EXT_PacketErrorRateCmd
   1000a031     0001bbc4     0001254c   bleDispatch.obj (.text)
HCI_EXT_PERbyChanCmd      $Tramp$TT$L$PI$$HCI_EXT_PERbyChanCmd
   1000a075     0001bbcc     00012544   bleDispatch.obj (.text)
HCI_EXT_AdvEventNoticeCmd  $Tramp$TT$L$PI$$HCI_EXT_AdvEventNoticeCmd
   1000a0f1     0001bbd4     0001253c   bleDispatch.obj (.text)
HCI_EXT_SetSlaveLatencyOverrideCmd  $Tramp$TT$L$PI$$HCI_EXT_SetSlaveLatencyOverrideCmd
   10009e6d     0001bbdc     00012528   bleDispatch.obj (.text)
HCI_EXT_BuildRevisionCmd  $Tramp$TT$L$PI$$HCI_EXT_BuildRevisionCmd
   1000a109     0001bbe4     00012522   bleDispatch.obj (.text)
HCI_EXT_NumComplPktsLimitCmd  $Tramp$TT$L$PI$$HCI_EXT_NumComplPktsLimitCmd
   1000a1b5     0001bbec     0001250e   bleDispatch.obj (.text)
llSetupRejectInd          $Tramp$TT$L$PI$$llSetupRejectInd
   10007df5     0001bbf4     00011d8a   CC2640Stack.a : ll_common_PATCH.o (.text)
                             00014550                 : ll_slaveEndCauses_PATCH.o (.text)
llTimeDelta               $Tramp$TT$L$PI$$llTimeDelta
   1000d8f5     0001bbfc     00011b92   CC2640Stack.a : ll_common_PATCH.o (.text)
                             00015064                 : ll_sleep.o (.text)
                             000151e0                 : ll_sleep.o (.text)
LL_RX_bm_alloc            $Tramp$TT$L$PI$$LL_RX_bm_alloc
   1000556d     0001bc04     00011ac2   CC2640Stack.a : ll_common_PATCH.o (.text)
                             00017a88                 : ll_isr.o (.text)
                             000182ca                 : ble_PATCH.o (.text)
HCI_bm_alloc              $Tramp$TT$L$PI$$HCI_bm_alloc
   100094a1     0001bc0c     000119e8   CC2640Stack.a : ll_common_PATCH.o (.text)
                             0001678a                 : l2cap_util.o (.text)
llTimeCompare             $Tramp$TT$L$PI$$llTimeCompare
   1000d8c9     0001bc14     0001191e   CC2640Stack.a : ll_common_PATCH.o (.text)
                             00011b74                 : ll_common_PATCH.o (.text)
llReleaseConnId           $Tramp$TT$L$PI$$llReleaseConnId
   10008429     0001bc1c     0001186c   CC2640Stack.a : ll_common_PATCH.o (.text)
LL_ENC_Encrypt            $Tramp$TT$L$PI$$LL_ENC_Encrypt
   1000b965     0001bc24     0001172e   CC2640Stack.a : ll_common_PATCH.o (.text)
                             00011de0                 : ll_common_PATCH.o (.text)
LL_TX_bm_alloc            $Tramp$TT$L$PI$$LL_TX_bm_alloc
   10005549     0001bc2c     000116ee   CC2640Stack.a : ll_common_PATCH.o (.text)
                             00011da8                 : ll_common_PATCH.o (.text)
llEventDelta              $Tramp$TT$L$PI$$llEventDelta
   10008719     0001bc34     0001159e   CC2640Stack.a : ll_common_PATCH.o (.text)
                             00011d4a                 : ll_common_PATCH.o (.text)
                             0001416a                 : ll_slaveEndCauses_PATCH.o (.text)
                             000141b6                 : ll_slaveEndCauses_PATCH.o (.text)
HCI_LE_AddWhiteListCmd    $Tramp$TT$L$PI$$HCI_LE_AddWhiteListCmd
   10009a15     0001bc3c     00010092   gapbondmgr.obj (.text)
                             000125dc   bleDispatch.obj (.text)
HCI_LE_ClearWhiteListCmd  $Tramp$TT$L$PI$$HCI_LE_ClearWhiteListCmd
   100099f9     0001bc44     00010078   gapbondmgr.obj (.text)
                             000125e0   bleDispatch.obj (.text)
llFreeTask                $Tramp$TT$L$PI$$llFreeTask
   1000abed     0001bc4c     0000fc46   CC2640Stack.a : ll_PATCH.o (.text)
                             00011872                 : ll_common_PATCH.o (.text)
                             00018a0e                 : ll_advEndCauses_PATCH.o (.text)
llGetNumTasks             $Tramp$TT$L$PI$$llGetNumTasks
   1000ace1     0001bc54     0000fc16   CC2640Stack.a : ll_PATCH.o (.text)
llScheduler               $Tramp$TT$L$PI$$llScheduler
   1000a335     0001bc5c     0000fbfe   CC2640Stack.a : ll_PATCH.o (.text)
                             0000fc56                 : ll_PATCH.o (.text)
                             000140ac                 : ll_slaveEndCauses_PATCH.o (.text)
                             00018ce2                 : ll_advEndCauses_PATCH.o (.text)
llSetupAdv                $Tramp$TT$L$PI$$llSetupAdv
   100073e5     0001bc64     0000fbc2   CC2640Stack.a : ll_PATCH.o (.text)
llGetActiveTasks          $Tramp$TT$L$PI$$llGetActiveTasks
   1000aca9     0001bc6c     0000fb92   CC2640Stack.a : ll_PATCH.o (.text)
LL_DirectTestEndDoneCback  $Tramp$TT$L$PI$$LL_DirectTestEndDoneCback
   10009471     0001bc74     0000fa58   CC2640Stack.a : ll_PATCH.o (.text)
llRfStartFS               $Tramp$TT$L$PI$$llRfStartFS
   10007269     0001bc7c     0000f7e8   CC2640Stack.a : ll_PATCH.o (.text)
llWriteTxData             $Tramp$TT$L$PI$$llWriteTxData
   100087c9     0001bc84     0000f772   CC2640Stack.a : ll_PATCH.o (.text)
                             000119d2                 : ll_common_PATCH.o (.text)
HCI_DataBufferOverflowEvent  $Tramp$TT$L$PI$$HCI_DataBufferOverflowEvent
   10008a2d     0001bc8c     0000f740   CC2640Stack.a : ll_PATCH.o (.text)
llEnqueueCtrlPkt          $Tramp$TT$L$PI$$llEnqueueCtrlPkt
   100080bd     0001bc94     0000f614   CC2640Stack.a : ll_PATCH.o (.text)
                             00018168                 : ble_PATCH.o (.text)
                             00018208                 : ble_PATCH.o (.text)
LL_ConnActive             $Tramp$TT$L$PI$$LL_ConnActive
   1000678d     0001bc9c     0000f520   CC2640Stack.a : ll_PATCH.o (.text)
                             0000f570                 : ll_PATCH.o (.text)
                             0000f5ae                 : ll_PATCH.o (.text)
                             0000f5e8                 : ll_PATCH.o (.text)
                             0000f710                 : ll_PATCH.o (.text)
                             0000fca8                 : ll_PATCH.o (.text)
llReleaseAllConnId        $Tramp$TT$L$PI$$llReleaseAllConnId
   10008461     0001bca4     0000f45a   CC2640Stack.a : ll_PATCH.o (.text)
LL_ClearWhiteList         $Tramp$TT$L$PI$$LL_ClearWhiteList
   10005719     0001bcac     0000f3f6   CC2640Stack.a : ll_PATCH.o (.text)
LL_ENC_Init               $Tramp$TT$L$PI$$LL_ENC_Init
   1000b4c9     0001bcb4     0000f3f2   CC2640Stack.a : ll_PATCH.o (.text)
                             000153e2                 : ll_sleep.o (.text)
WL_Init                   $Tramp$TT$L$PI$$WL_Init
   1000d189     0001bcbc     0000f3ee   CC2640Stack.a : ll_PATCH.o (.text)
llHaltRadio               $Tramp$TT$L$PI$$llHaltRadio
   1000720d     0001bcc4     0000f3c2   CC2640Stack.a : ll_PATCH.o (.text)
                             0000fa0c                 : ll_PATCH.o (.text)
                             0000fc30                 : ll_PATCH.o (.text)
                             00011b84                 : ll_common_PATCH.o (.text)
HCI_HardwareErrorEvent    $Tramp$TT$L$PI$$HCI_HardwareErrorEvent
   10008bf5     0001bccc     0000f36e   CC2640Stack.a : ll_PATCH.o (.text)
                             0000f762                 : ll_PATCH.o (.text)
                             000119f4                 : ll_common_PATCH.o (.text)
                             00011afe                 : ll_common_PATCH.o (.text)
                             00011e1a                 : ll_common_PATCH.o (.text)
LL_ConnectionCompleteCback  $Tramp$TT$L$PI$$LL_ConnectionCompleteCback
   10008ead     0001bcd4     0000f2d4   CC2640Stack.a : ll_PATCH.o (.text)
                             0000f326                 : ll_PATCH.o (.text)
                             0000f33a                 : ll_PATCH.o (.text)
llGetCurrentTask          $Tramp$TT$L$PI$$llGetCurrentTask
   1000ac3d     0001bcdc     0000f2a2   CC2640Stack.a : ll_PATCH.o (.text)
                             0000fc1e                 : ll_PATCH.o (.text)
                             00011b7a                 : ll_common_PATCH.o (.text)
                             000151ca                 : ll_sleep.o (.text)
                             0001530e                 : ll_sleep.o (.text)
                             00015322                 : ll_sleep.o (.text)
LL_ENC_GenerateTrueRandNum  $Tramp$TT$L$PI$$LL_ENC_GenerateTrueRandNum
   1000b51d     0001bce4     0000f26c   CC2640Stack.a : ll_PATCH.o (.text)
llInitRAT                 $Tramp$TT$L$PI$$llInitRAT
   1000d8b5     0001bcec     0000f248   CC2640Stack.a : ll_PATCH.o (.text)
llGetCurrentTime          $Tramp$TT$L$PI$$llGetCurrentTime
   1000d8c1     0001bcf4     0000f23a   CC2640Stack.a : ll_PATCH.o (.text)
                             0000f240                 : ll_PATCH.o (.text)
                             0000fbde                 : ll_PATCH.o (.text)
                             00011b52                 : ll_common_PATCH.o (.text)
                             00014e52                 : ll_sleep.o (.text)
                             0001505e                 : ll_sleep.o (.text)
                             000151d8                 : ll_sleep.o (.text)
                             0001525e                 : ll_sleep.o (.text)
llSetupRfHal              $Tramp$TT$L$PI$$llSetupRfHal
   1000ad6d     0001bcfc     0000f216   CC2640Stack.a : ll_PATCH.o (.text)
llSetupMailbox            $Tramp$TT$L$PI$$llSetupMailbox
   1000ad21     0001bd04     0000f212   CC2640Stack.a : ll_PATCH.o (.text)
                             0000f3d0                 : ll_PATCH.o (.text)
                             0000fa5c                 : ll_PATCH.o (.text)
llResetRadio              $Tramp$TT$L$PI$$llResetRadio
   10007201     0001bd0c     0000f204   CC2640Stack.a : ll_PATCH.o (.text)
                             000177c6                 : ll_isr.o (.text)

[116 trampolines]
[199 trampoline calls]


GLOBAL SYMBOLS: SORTED ALPHABETICALLY BY Name 

address   name                                  
-------   ----                                  
10014c00  A1_rw                                 
10005000  A1_rw_1                               
10019ffe  A2_rw                                 
1000dffe  A2_rw_1                               
10019ffc  A3_rw                                 
1000dffc  A3_rw_1                               
20004f2c  A4_rw                                 
200048e8  A4_rw_1                               
20004f7c  ACCX                                  
20004f80  ACCY                                  
20004f84  ACCZ                                  
10015229  ATOMICPATTERN                         
000167ff  ATT_BuildErrorRsp                     
0001682f  ATT_BuildExchangeMTUReq               
0001683b  ATT_BuildExchangeMTURsp               
00016b4f  ATT_BuildExecuteWriteReq              
000168c7  ATT_BuildFindByTypeValueReq           
00016923  ATT_BuildFindByTypeValueRsp           
00016861  ATT_BuildFindInfoReq                  
0001686d  ATT_BuildFindInfoRsp                  
00016b73  ATT_BuildHandleValueInd               
00016ad5  ATT_BuildPrepareWriteReq              
00016aff  ATT_BuildPrepareWriteRsp              
00016a23  ATT_BuildReadBlobReq                  
00016a61  ATT_BuildReadBlobRsp                  
00016a99  ATT_BuildReadByGrpTypeRsp             
0001693d  ATT_BuildReadByTypeReq                
000169a9  ATT_BuildReadByTypeRsp                
00016a73  ATT_BuildReadMultiReq                 
00016a93  ATT_BuildReadMultiRsp                 
000169cb  ATT_BuildReadReq                      
000169e7  ATT_BuildReadRsp                      
00016a17  ATT_BuildWriteReq                     
00016c41  ATT_CompareUUID                       
00016c91  ATT_ConvertUUIDto128                  
00016cb9  ATT_ConvertUUIDto16                   
0001a51b  ATT_ErrorRsp                          
0001a52d  ATT_ExchangeMTURsp                    
0001a65f  ATT_ExecuteWriteRsp                   
0001a575  ATT_FindByTypeValueRsp                
0001a545  ATT_FindInfoRsp                       
00016d21  ATT_GetMTU                            
00016d41  ATT_GetParamValue                     
0001a681  ATT_HandleValueInd                    
0001a66b  ATT_HandleValueNoti                   
00016811  ATT_ParseErrorRsp                     
00016831  ATT_ParseExchangeMTUReq               
0001684b  ATT_ParseExchangeMTURsp               
00016b57  ATT_ParseExecuteWriteReq              
00016b69  ATT_ParseExecuteWriteRsp              
000168e1  ATT_ParseFindByTypeValueReq           
0001692b  ATT_ParseFindByTypeValueRsp           
00016863  ATT_ParseFindInfoReq                  
00016885  ATT_ParseFindInfoRsp                  
00016bb3  ATT_ParseHandleValueCfm               
00016b87  ATT_ParseHandleValueInd               
000167a5  ATT_ParsePacket                       
00016ad7  ATT_ParsePrepareWriteReq              
00016b1d  ATT_ParsePrepareWriteRsp              
00016a3d  ATT_ParseReadBlobReq                  
00016a65  ATT_ParseReadBlobRsp                  
00016aab  ATT_ParseReadByGrpTypeRsp             
0001696d  ATT_ParseReadByTypeReq                
000169ab  ATT_ParseReadByTypeRsp                
00016a7b  ATT_ParseReadMultiReq                 
00016a97  ATT_ParseReadMultiRsp                 
000169cd  ATT_ParseReadReq                      
000169eb  ATT_ParseReadRsp                      
000169ed  ATT_ParseWriteReq                     
00016a19  ATT_ParseWriteRsp                     
0001a645  ATT_PrepareWriteRsp                   
0001a5dd  ATT_ReadBlobRsp                       
0001a617  ATT_ReadByGrpTypeRsp                  
0001a595  ATT_ReadByTypeRsp                     
0001a5f9  ATT_ReadMultiRsp                      
0001a5c1  ATT_ReadRsp                           
0001a515  ATT_RegisterServer                    
00016d3f  ATT_SetParamValue                     
00016cf7  ATT_UpdateMTU                         
0001a639  ATT_WriteRsp                          
10016c29  AddRoundKeySubBytes_Sw                
10018a19  AesCcm_authEncrypt_Sw                 
10018a35  AesCcm_decryptAuth_Sw                 
10018b09  AesCcm_getNumBlocks_Sw                
10018ac5  Aes_decrypt_Sw                        
10018a99  Aes_encrypt_Sw                        
20004f2c  COMMON_RAM_BASE_ADDR                  
10014c01  COMMON_ROM_BASE_ADDR                  
10015a6d  COPY                                  
0001b8a5  CommonROM_Init                        
10017959  ECC_allocWorkzone                     
10017dbd  ECC_keyGen                            
10017961  ECC_setWin                            
10017ded  ECDH_commonKey                        
10017969  ECDSA_sign                            
10017b01  ECDSA_verif                           
10015a11  EXPORTOPERAND                         
20004f78  EXPW                                  
20004f6c  EXPX                                  
20004f70  EXPY                                  
20004f74  EXPZ                                  
10016f58  FFMult2                               
10017058  FFMult3                               
10016d05  FFMult_Sw                             
10018d6c  Fill1                                 
1000d9ec  Fill1_1                               
0001084d  GAPBondMgr_CheckNVLen                 
0001088b  GAPBondMgr_GetParameter               
00010ac1  GAPBondMgr_Init                       
00010741  GAPBondMgr_LinkEst                    
000103f9  GAPBondMgr_LinkTerm                   
0001080b  GAPBondMgr_PasscodeRsp                
00010609  GAPBondMgr_ProcessEvent               
0001044d  GAPBondMgr_ProcessGAPMsg              
00010837  GAPBondMgr_Register                   
0000fe3d  GAPBondMgr_ResolveAddr                
00010949  GAPBondMgr_SetParameter               
0000ff77  GAPBondMgr_UpdateCharCfg              
00012877  GAP_Authenticate                      
000129ad  GAP_Bond                              
00018729  GAP_ConfigDeviceAddr                  
0001b869  GAP_DeviceInit                        
00015b9d  GAP_EndDiscoverable                   
00015c4d  GAP_GetAdvToken                       
000186b1  GAP_GetParamValue                     
00019bd7  GAP_Init                              
00015a91  GAP_MakeDiscoverable                  
00019cb3  GAP_NumActiveConnections              
000186c3  GAP_ParamsInit                        
00012961  GAP_PasscodeUpdate                    
0001292f  GAP_PasskeyUpdate                     
0001addd  GAP_PeriConnRegister                  
00015c91  GAP_PeriDevMgrInit                    
00019bed  GAP_ProcessEvent                      
00019bd1  GAP_RegisterForMsgs                   
00015c69  GAP_RemoveAdvToken                    
0001b259  GAP_ResolvePrivateAddr                
000186eb  GAP_SecParamsInit                     
0001ada5  GAP_SendSlaveSecurityRequest          
00015be9  GAP_SetAdvToken                       
00018695  GAP_SetParamValue                     
0001282f  GAP_Signable                          
00012911  GAP_TerminateAuth                     
00012745  GAP_TerminateLinkReq                  
00015c7d  GAP_UpdateAdvTokens                   
00015b2f  GAP_UpdateAdvertisingData             
000127bf  GAP_UpdateLinkParamReq                
0000e26d  GATTServApp_AddService                
0000e283  GATTServApp_DelService                
0000e115  GATTServApp_DeregisterService         
0000ef2b  GATTServApp_GetParamValue             
0000e1b7  GATTServApp_GetParameter              
0000e035  GATTServApp_Init                      
0001b697  GATTServApp_InitCharCfg               
0000e083  GATTServApp_ProcessEvent              
0000ecad  GATTServApp_ReadAttr                  
0001b687  GATTServApp_ReadCharCfg               
0000e02d  GATTServApp_RegisterForMsg            
0000e0c1  GATTServApp_RegisterService           
0000efa5  GATTServApp_SendCCCUpdatedEvent       
0000ef29  GATTServApp_SetParamValue             
0000e157  GATTServApp_SetParameter              
20004808  GATTServApp_TaskID                    
0000ef2f  GATTServApp_UpdateCharCfg             
0000eea1  GATTServApp_WriteAttr                 
0001936f  GATT_AppCompletedMsg                  
00010be7  GATT_DeregisterService                
00010d85  GATT_FindHandle                       
00010d29  GATT_FindHandleUUID                   
00010dcd  GATT_FindNextAttr                     
0001aa19  GATT_FindUUIDRec                      
000114ad  GATT_GetNextHandle                    
00010f21  GATT_Indication                       
00019397  GATT_Init                             
00010ae9  GATT_InitServer                       
00010f7b  GATT_Notification                     
00019501  GATT_NotifyEvent                      
000193b5  GATT_ProcessEvent                     
0001935d  GATT_RegisterForMsgs                  
00010c27  GATT_RegisterForReq                   
00010b4f  GATT_RegisterService                  
00010e6d  GATT_SendRsp                          
00010cb7  GATT_ServiceChangedInd                
00010e5d  GATT_ServiceEncKeySize                
00010e51  GATT_ServiceNumAttrs                  
00019363  GATT_SetHostToAppFlowCtrl             
000114ab  GATT_SetNextHandle                    
00019515  GATT_UpdateMTU                        
00010c2f  GATT_VerifyReadPermissions            
00010c65  GATT_VerifyWritePermissions           
000195c1  GATT_bm_alloc                         
00019639  GATT_bm_free                          
10015141  GETBIT                                
10015155  GETDIGIT                              
100151a5  GETDIGITL2R                           
00019105  GGS_AddService                        
0001911d  GGS_DelService                        
00019101  GGS_GetParamValue                     
000190c9  GGS_GetParameter                      
00019131  GGS_RegisterAppCBs                    
000190ff  GGS_SetParamValue                     
00019049  GGS_SetParameter                      
10008add  HCI_CommandCompleteEvent              
10008ba1  HCI_CommandStatusEvent                
10008a2d  HCI_DataBufferOverflowEvent           
10009525  HCI_DisconnectCmd                     
1000a0f1  HCI_EXT_AdvEventNoticeCmd             
1000a109  HCI_EXT_BuildRevisionCmd              
10009d79  HCI_EXT_ClkDivOnHaltCmd               
00019847  HCI_EXT_ConnEventNoticeCmd            
10009dad  HCI_EXT_DeclareNvUsageCmd             
10009dd1  HCI_EXT_DecryptCmd                    
00019823  HCI_EXT_DelaySleepCmd                 
1000a011  HCI_EXT_DisconnectImmedCmd            
10009f69  HCI_EXT_EnablePTMCmd                  
10009eed  HCI_EXT_EndModemTestCmd               
1000a095  HCI_EXT_ExtendRfRangeCmd              
000196bf  HCI_EXT_GetConnInfoCmd                
1000a0d1  HCI_EXT_HaltDuringRfCmd               
10009ff1  HCI_EXT_MapPmIoPortCmd                
10009ead  HCI_EXT_ModemHopTestTxCmd             
10009ecd  HCI_EXT_ModemTestRxCmd                
10009e8d  HCI_EXT_ModemTestTxCmd                
1000a1b5  HCI_EXT_NumComplPktsLimitCmd          
10009d45  HCI_EXT_OnePktPerEvtCmd               
1000a195  HCI_EXT_OverlappedProcessingCmd       
1000a075  HCI_EXT_PERbyChanCmd                  
1000a031  HCI_EXT_PacketErrorRateCmd            
000197f5  HCI_EXT_ResetSystemCmd                
10009fb1  HCI_EXT_SaveFreqTuneCmd               
10009f0d  HCI_EXT_SetBDADDRCmd                  
10009e4d  HCI_EXT_SetFastTxResponseTimeCmd      
10009f81  HCI_EXT_SetFreqTuneCmd                
10009e2d  HCI_EXT_SetLocalSupportedFeaturesCmd  
10009fd1  HCI_EXT_SetMaxDtmTxPowerCmd           
10009cd5  HCI_EXT_SetRxGainCmd                  
10009f49  HCI_EXT_SetSCACmd                     
10009e6d  HCI_EXT_SetSlaveLatencyOverrideCmd    
10009d09  HCI_EXT_SetTxPowerCmd                 
0001b3bd  HCI_ExtTaskRegister                   
0001b3ab  HCI_GAPTaskRegister                   
10008bf5  HCI_HardwareErrorEvent                
10009631  HCI_HostBufferSizeCmd                 
1000965d  HCI_HostNumCompletedPktCmd            
0001b355  HCI_Init                              
0001b3b1  HCI_L2CAPTaskRegister                 
10009a15  HCI_LE_AddWhiteListCmd                
100099f9  HCI_LE_ClearWhiteListCmd              
000197e5  HCI_LE_ConnUpdateCmd                  
1000999d  HCI_LE_CreateConnCancelCmd            
1000995d  HCI_LE_CreateConnCmd                  
10009af5  HCI_LE_EncryptCmd                     
10009be1  HCI_LE_LtkReqNegReplyCmd              
10009bc5  HCI_LE_LtkReqReplyCmd                 
10009b51  HCI_LE_RandCmd                        
100098f5  HCI_LE_ReadAdvChanTxPowerCmd          
00019741  HCI_LE_ReadBufSizeCmd                 
10009aa1  HCI_LE_ReadChannelMapCmd              
10009829  HCI_LE_ReadLocalSupportedFeaturesCmd  
0001976f  HCI_LE_ReadRemoteUsedFeaturesCmd      
10009c15  HCI_LE_ReadSupportedStatesCmd         
100099c9  HCI_LE_ReadWhiteListSizeCmd           
000197ab  HCI_LE_ReceiverTestCmd                
10009a31  HCI_LE_RemoveWhiteListCmd             
100098a1  HCI_LE_SetAdvDataCmd                  
100098d9  HCI_LE_SetAdvEnableCmd                
1000986d  HCI_LE_SetAdvParamCmd                 
0001984b  HCI_LE_SetEventMaskCmd                
10009a85  HCI_LE_SetHostChanClassificationCmd   
10009849  HCI_LE_SetRandomAddressCmd            
10009941  HCI_LE_SetScanEnableCmd               
10009915  HCI_LE_SetScanParamCmd                
100098bd  HCI_LE_SetScanRspDataCmd              
10009ba9  HCI_LE_StartEncyptCmd                 
10009c8d  HCI_LE_TestEndCmd                     
00019799  HCI_LE_TransmitterTestCmd             
00018e71  HCI_NumOfCompletedPacketsEvent        
0001b373  HCI_ProcessEvent                      
10009765  HCI_ReadBDADDRCmd                     
000196ab  HCI_ReadLocalSupportedCommandsCmd     
1000973d  HCI_ReadLocalSupportedFeaturesCmd     
00019881  HCI_ReadLocalVersionInfoCmd           
10009541  HCI_ReadRemoteVersionInfoCmd          
1000978d  HCI_ReadRssiCmd                       
100095d1  HCI_ReadTransmitPowerLevelCmd         
00019689  HCI_ResetCmd                          
1000d7cd  HCI_ReverseBytes                      
0001b3b7  HCI_SMPTaskRegister                   
10008c81  HCI_SendCommandCompleteEvent          
10008c59  HCI_SendCommandStatusEvent            
10008d31  HCI_SendControllerToHostEvent         
100094e9  HCI_SendDataPkt                       
100095f5  HCI_SetControllerToHostFlowCtrlCmd    
10009571  HCI_SetEventMaskCmd                   
000197bd  HCI_SetEventMaskPage2Cmd              
0001b3a5  HCI_TestAppTaskRegister               
0001964d  HCI_ValidConnTimeParams               
00018fc3  HCI_VendorSpecifcCommandCompleteEvent 
100094a1  HCI_bm_alloc                          
0001b781  HalFlashGetAddress                    
0001b79b  HalFlashRead                          
0001b7c7  HalFlashWrite                         
0001b6e9  HalTRNG_GetTRNG                       
0001b6c9  HalTRNG_InitTRNG                      
20004858  ICall_dispatcher                      
2000485c  ICall_enterCriticalSection            
20004860  ICall_leaveCriticalSection            
10015a35  IMPORTDATA                            
100159a9  IMPORTLENGTH                          
100159ad  IMPORTMODULUS                         
100159d1  IMPORTOPERAND                         
1001568d  INVERT                                
10016da1  InvAddRoundKey_Sw                     
10016ed5  InvMixColumns_Sw                      
10016dc9  InvRoundKey_Sw                        
10017264  InvSbox                               
10016ea1  InvShiftRows_Sw                       
10016e8d  InvSubBytes_Sw                        
100154f5  JACADD                                
0001639b  L2CAP_BuildCmdReject                  
000164b3  L2CAP_BuildInfoRsp                    
0001647f  L2CAP_BuildParamUpdateRsp             
0001a92d  L2CAP_CmdReject                       
0001a94f  L2CAP_ConnParamUpdateReq              
0001a967  L2CAP_ConnParamUpdateRsp              
0001a9d5  L2CAP_GetMTU                          
000167a1  L2CAP_GetParamValue                   
0001a9b3  L2CAP_HostNumCompletedPkts            
0001a93b  L2CAP_InfoReq                         
00019e55  L2CAP_Init                            
0001649b  L2CAP_ParseInfoReq                    
00016445  L2CAP_ParseParamUpdateReq             
00019eb7  L2CAP_ProcessEvent                    
0001a8a1  L2CAP_RegisterApp                     
0001a8cb  L2CAP_SendData                        
0001a9c9  L2CAP_SetBufSize                      
0001a979  L2CAP_SetControllerToHostFlowCtrl     
0001679f  L2CAP_SetParamValue                   
0001a9fd  L2CAP_SetUserConfig                   
00016785  L2CAP_bm_alloc                        
20004fe8  LEN                                   
10005739  LL_AddWhiteListDevice                 
10008d81  LL_AdvReportCback                     
00018f4f  LL_AuthPayloadTimeoutExpiredCback     
10005719  LL_ClearWhiteList                     
1000678d  LL_ConnActive                         
00018d6b  LL_ConnParamUpdateCback               
10008ead  LL_ConnectionCompleteCback            
100066c5  LL_CreateConnCancel                   
100058d5  LL_CtrlToHostFlowControl              
0000f9f7  LL_DirectTestEnd                      
10009471  LL_DirectTestEndDoneCback             
0000f92d  LL_DirectTestRxTest                   
0000f83b  LL_DirectTestTxTest                   
10005a39  LL_Disconnect                         
10009005  LL_DisconnectCback                    
1000b639  LL_ENC_AES128_Decrypt                 
1000b5f5  LL_ENC_AES128_Encrypt                 
1000b9dd  LL_ENC_Decrypt                        
1000b851  LL_ENC_DecryptMsg                     
1000b965  LL_ENC_Encrypt                        
1000b721  LL_ENC_EncryptMsg                     
1000b555  LL_ENC_GenDeviceIV                    
1000b541  LL_ENC_GenDeviceSKD                   
1000b569  LL_ENC_GenerateNonce                  
1000b50d  LL_ENC_GeneratePseudoRandNum          
1000b51d  LL_ENC_GenerateTrueRandNum            
1000b4c9  LL_ENC_Init                           
1000b58d  LL_ENC_LoadKey                        
1000b4ed  LL_ENC_ReverseBytes                   
10007025  LL_EXT_AdvEventNotice                 
0000fcbf  LL_EXT_BuildRevision                  
10006b7d  LL_EXT_ClkDivOnHalt                   
0000fca1  LL_EXT_ConnEventNotice                
10006b81  LL_EXT_DeclareNvUsage                 
10006b85  LL_EXT_Decrypt                        
100070a1  LL_EXT_DelaySleep                     
10006f4d  LL_EXT_DisconnectImmed                
10006dd1  LL_EXT_EndModemTest                   
1000701d  LL_EXT_ExtendRfRange                  
1000a2ad  LL_EXT_ExtendRfRangeCback             
0000f4b9  LL_EXT_GetConnInfo                    
10007021  LL_EXT_HaltDuringRf                   
10006f49  LL_EXT_MapPmIoPort                    
0000fa6d  LL_EXT_ModemHopTestTx                 
0000f7b9  LL_EXT_ModemTestRx                    
10006c01  LL_EXT_ModemTestTx                    
1000710d  LL_EXT_NumComplPktsLimit              
10006b59  LL_EXT_OnePacketPerEvent              
10007109  LL_EXT_OverlappedProcessing           
10006fed  LL_EXT_PERbyChan                      
10006f99  LL_EXT_PacketErrorRate                
1000a259  LL_EXT_PacketErrorRateCback           
100070d5  LL_EXT_ResetSystem                    
10006efd  LL_EXT_SaveFreqTune                   
10006e01  LL_EXT_SetBDADDR                      
10006bc5  LL_EXT_SetFastTxResponseTime          
10006ef9  LL_EXT_SetFreqTune                    
0000f633  LL_EXT_SetLocalSupportedFeatures      
0000f69b  LL_EXT_SetMaxDtmTxPower               
10006ad9  LL_EXT_SetRxGain                      
1000a201  LL_EXT_SetRxGainCback                 
10006e85  LL_EXT_SetSCA                         
10006bdd  LL_EXT_SetSlaveLatencyOverride        
0000f663  LL_EXT_SetTxPower                     
1000a211  LL_EXT_SetTxPowerCback                
1000933d  LL_EncChangeCback                     
100093dd  LL_EncKeyRefreshCback                 
0000f5ab  LL_EncLtkNegReply                     
0000f565  LL_EncLtkReply                        
1000925d  LL_EncLtkReqCback                     
100057d5  LL_Encrypt                            
0000fc8d  LL_GetNumActiveConns                  
0000efe9  LL_Init                               
100057b9  LL_NumEmptyWlEntries                  
000153d5  LL_PM_Enter_AES                       
000153e7  LL_PM_Exit_AES                        
00014db9  LL_PM_ForceSysBusThroughRF            
0001518d  LL_PM_GetRfCoreState                  
0001511f  LL_PM_Init                            
00014dc1  LL_PM_InitRadioSetupCmd               
000152af  LL_PM_PowerCycleRadio                 
00014fe3  LL_PM_PowerOffRfCore                  
00015047  LL_PM_PowerOffRfCoreOptimize          
00015321  LL_PM_PowerOnReq                      
00014f6d  LL_PM_PowerOnRfCore                   
00014e77  LL_PM_PowerOnRfCoreOptimize           
20004628  LL_PM_RFCmdDoneEventCallback          
0001500f  LL_PM_ShutdownFS                      
000151a3  LL_PM_StartRfTask                     
00015271  LL_PM_StopCurTaskTimer                
0000f299  LL_ProcessEvent                       
10005801  LL_PseudoRand                         
1000556d  LL_RX_bm_alloc                        
100057f5  LL_Rand                               
1000a1d5  LL_RandCback                          
10006105  LL_ReadAdvChanTxPower                 
100056c9  LL_ReadBDADDR                         
100059a1  LL_ReadChanMap                        
10005879  LL_ReadLocalSupportedFeatures         
1000589d  LL_ReadLocalVersionInfo               
0000f5e5  LL_ReadRemoteUsedFeatures             
00018df9  LL_ReadRemoteUsedFeaturesCompleteCback
100058e9  LL_ReadRemoteVersionInfo              
100091e1  LL_ReadRemoteVersionInfoCback         
100059d5  LL_ReadRssi                           
0000fc71  LL_ReadSupportedStates                
0000f6b7  LL_ReadTxPowerLevel                   
100057a1  LL_ReadWlSize                         
10005765  LL_RemoveWhiteListDevice              
0000f3a1  LL_Reset                              
0001b07d  LL_RxDataCompleteCback                
0000fb35  LL_SetAdvControl                      
10005f89  LL_SetAdvData                         
10005e69  LL_SetAdvParam                        
100056e9  LL_SetRandomAddress                   
10006209  LL_SetScanControl                     
1000617d  LL_SetScanParam                       
1000612d  LL_SetScanRspData                     
10005549  LL_TX_bm_alloc                        
20004c84  LL_TaskID                             
0000f6f5  LL_TxData                             
100158ac  LUTC                                  
100158dc  LUTINCI                               
100158f4  LUTJ                                  
1001588c  LUTOPCODE                             
10015894  LUTOPSIGN                             
100158c4  LUTSE                                 
1001596c  LUTSTATE                              
00018449  MB_ClearInts                          
0001840d  MB_DisableInts                        
0001847f  MB_EnableHWInts                       
000183ad  MB_EnableInts                         
10018945  MB_FwDebugDump                        
0001834f  MB_Init                               
10018935  MB_ReadMailboxStatus                  
1001893d  MB_RegisterIsrCback                   
000184b1  MB_SendCommand                        
00018525  MB_SendCommandSynch                   
20004fe4  MOD                                   
20004fd8  MSBMOD                                
10016c79  MixColumns_Sw                         
10018b9c  NIST256_Gx                            
10018bc0  NIST256_Gy                            
10018b54  NIST256_a                             
10018b78  NIST256_b                             
10018b0c  NIST256_p                             
10018b30  NIST256_r                             
0001b9a3  NOROM_CPUcpsid                        
0001b9af  NOROM_CPUcpsie                        
0001b8fb  NOROM_FlashProgram                    
0001b919  NOROM_FlashSectorErase                
0001b3cd  NOROM_IntDisable                      
0001b445  NOROM_IntEnable                       
0001b8d5  NOROM_TRNGConfigure                   
0001b94f  NOROM_VIMSModeGet                     
20004734  OSAL_timeSeconds                      
0001b97b  Onboard_rand                          
0001b979  Onboard_soft_reset                    
10014c04  P1_ro                                 
10005004  P1_ro_1                               
10019ffe  P1_ro_2                               
1000dffe  P1_ro_2_1                             
20004f40  P2_rw                                 
20004f40  P2_s0                                 
20004fac  P2_zi                                 
200048fc  P2_zi_1                               
0001bd14  R2F_Flash_JT                          
0001c378  R2F_Flash_JT_CommonROM                
0001bdb0  R2R_Flash_JT                          
0001c390  R2R_Flash_JT_CommonROM                
200048e8  RAM_BASE_ADDR                         
10017158  RCon                                  
10018415  RFHAL_AddTxDataEntry                  
100184f9  RFHAL_AllocDataEntry                  
100184a9  RFHAL_AllocDataEntryQueue             
10018315  RFHAL_AllocRatChan                    
100185e1  RFHAL_BuildDataEntryRingBuffer        
10018669  RFHAL_BuildLinkedBuffer               
10018551  RFHAL_BuildRingBuffer                 
10018549  RFHAL_FreeDataEntry                   
100184c5  RFHAL_FreeDataEntryQueue              
10018485  RFHAL_FreeNextTxDataEntry             
1001833d  RFHAL_FreeRatChan                     
100184cd  RFHAL_GetNextDataEntry                
100184d1  RFHAL_GetTempDataEntry                
100183b9  RFHAL_InitDataQueue                   
100182ad  RFHAL_InitRfHal                       
10018369  RFHAL_MapRatChansToInt                
100184d5  RFHAL_NextDataEntryDone               
100183c5  RFHAL_QueueRFDataEntries              
10018391  RFHAL_RegisterRatChanCallback         
10005001  ROM_BASE_ADDR                         
0001b633  ROM_Init                              
0001b5fd  ROM_Spinlock                          
10016b79  RoundKey_Sw                           
10015101  SAVEPOINT                             
1000d964  SCA                                   
20004f68  SCAL                                  
100150e5  SCALARMUL                             
10014ced  SCALARMUL_core                        
10015019  SCALARMUL_final                       
10014c05  SCALARMUL_init                        
10015a51  SETOPERAND                            
10015a91  SETWORD                               
10018089  SHA256_final                          
10018129  SHA256_full                           
10017ffd  SHA256_init                           
10017ef1  SHA256_nextState                      
10018019  SHA256_process                        
10017e75  SHA256_round                          
10017f49  SHA256_saveBuffer                     
10017e39  SHA256_updateW                        
UNDEFED   SHT$$INIT_ARRAY$$Base                 
UNDEFED   SHT$$INIT_ARRAY$$Limit                
00014641  SM_CalcRandomAddr                     
000146c1  SM_Encrypt                            
000149b5  SM_GenerateAuthenSig                  
0001aeb1  SM_Init                               
00014611  SM_NewRandKey                         
00013823  SM_PasskeyUpdate                      
0001aecd  SM_ProcessEvent                       
00014673  SM_ResolveRandomAddrs                 
00016d55  SM_ResponderInit                      
0001379d  SM_StartPairing                       
00014a4f  SM_VerifyAuthenSig                    
0001d000  SNV_FLASH                             
10015821  SQUAREMULTIPLYWORD                    
10017895  SSP_CCM_Auth_Encrypt_Sw               
10017365  SSP_CCM_Auth_Sw                       
1001767d  SSP_CCM_Decrypt_Sw                    
100174fd  SSP_CCM_Encrypt_Sw                    
100178f5  SSP_CCM_InvAuth_Decrypt_Sw            
10017839  SSP_CCM_InvAuth_Sw                    
10017771  SSP_CTR_Decrypt_Sw                    
100175ed  SSP_CTR_Encrypt_Sw                    
10017164  Sbox                                  
10015215  SelectReg                             
10016c45  ShiftRows_Sw                          
20004844  SysBootMsg                            
20004f88  TMP1                                  
20004f8c  TMP2                                  
20004f90  TMP3                                  
20004f94  TMP4                                  
20004f98  TMP5                                  
20004f9c  TMP6                                  
1000d2d9  WL_AddEntry                           
1000d1ad  WL_Clear                              
1000d1f5  WL_ClearEntry                         
1000d425  WL_ClearIgnoreList                    
1000d26d  WL_FindEntry                          
[...]
1000a201  LL_EXT_SetRxGainCback                 
1000a211  LL_EXT_SetTxPowerCback                
1000a259  LL_EXT_PacketErrorRateCback           
1000a2ad  LL_EXT_ExtendRfRangeCback             
1000a335  llScheduler                           
1000a895  llFindStartType                       
1000a939  llFindNextSecTask                     
1000abed  llFreeTask                            
1000ac3d  llGetCurrentTask                      
1000aca9  llGetActiveTasks                      
1000ace1  llGetNumTasks                         
1000ad21  llSetupMailbox                        
1000ad6d  llSetupRfHal                          
1000adb1  llPatchCM0                            
1000adc9  llSetupRATChanCompare                 
1000ae41  llRatChanCBack_B                      
1000ae45  llRatChanCBack_C                      
1000ae49  llRatChanCBack_D                      
1000ae4d  llSetupScanDataEntryQueue             
1000ae95  llSetupInitDataEntryQueue             
1000aeb1  llSetupAdvDataEntryQueue              
1000afa1  llMoveTempTxDataEntries               
1000b009  llGetNumTxDataEntries                 
1000b4c9  LL_ENC_Init                           
1000b4ed  LL_ENC_ReverseBytes                   
1000b50d  LL_ENC_GeneratePseudoRandNum          
1000b51d  LL_ENC_GenerateTrueRandNum            
1000b541  LL_ENC_GenDeviceSKD                   
1000b555  LL_ENC_GenDeviceIV                    
1000b569  LL_ENC_GenerateNonce                  
1000b58d  LL_ENC_LoadKey                        
1000b5f5  LL_ENC_AES128_Encrypt                 
1000b639  LL_ENC_AES128_Decrypt                 
1000b721  LL_ENC_EncryptMsg                     
1000b851  LL_ENC_DecryptMsg                     
1000b965  LL_ENC_Encrypt                        
1000b9dd  LL_ENC_Decrypt                        
1000c1b5  llCheckForLstoDuringSL                
1000c87d  llDirAdv_TaskEnd                      
1000cc71  llAdv_TaskEnd                         
1000cd51  llAdv_TaskAbort                       
1000d10d  llInit_TaskEnd                        
1000d189  WL_Init                               
1000d1ad  WL_Clear                              
1000d1f5  WL_ClearEntry                         
1000d229  WL_GetSize                            
1000d23d  WL_GetNumFreeEntries                  
1000d26d  WL_FindEntry                          
1000d2d9  WL_AddEntry                           
1000d36d  WL_RemoveEntry                        
1000d3dd  WL_SetWlIgnore                        
1000d425  WL_ClearIgnoreList                    
1000d46d  llScan_TaskEnd                        
1000d4ad  llGetAdvChanPDU                       
1000d575  llProcessScanRxFIFO                   
1000d635  llValidAccessAddr                     
1000d695  llGenerateValidAccessAddr             
1000d6b1  llGtSixConsecZerosOrOnes              
1000d6e5  llEqSynchWord                         
1000d6f5  llOneBitSynchWordDiffer               
1000d709  llEqualBytes                          
1000d731  llGtTwentyFourTransitions             
1000d761  llLtTwoChangesInLastSixBits           
1000d795  llEqAlreadyValidAddr                  
1000d7cd  HCI_ReverseBytes                      
1000d8b5  llInitRAT                             
1000d8c1  llGetCurrentTime                      
1000d8c9  llTimeCompare                         
1000d8f5  llTimeDelta                           
1000d94d  llCalcScaFactor                       
1000d964  SCA                                   
1000d9b0  advChan                               
1000d9b4  advEvt2Cmd                            
1000d9c0  advEvt2State                          
1000d9e1  llTaskError                           
1000d9ec  Fill1_1                               
1000dffc  A3_rw_1                               
1000dffc  romRev                                
1000dffd  __checksum_end                        
1000dffe  A2_rw_1                               
1000dffe  P1_ro_2_1                             
1000dffe  __checksum                            
10014c00  A1_rw                                 
10014c00  __checksum_begin_CommonROM            
10014c01  COMMON_ROM_BASE_ADDR                  
10014c04  P1_ro                                 
10014c05  SCALARMUL_init                        
10014ced  SCALARMUL_core                        
10015019  SCALARMUL_final                       
100150e5  SCALARMUL                             
10015101  SAVEPOINT                             
10015141  GETBIT                                
10015155  GETDIGIT                              
100151a5  GETDIGITL2R                           
10015215  SelectReg                             
10015229  ATOMICPATTERN                         
100154f5  JACADD                                
1001568d  INVERT                                
10015821  SQUAREMULTIPLYWORD                    
1001588c  LUTOPCODE                             
10015894  LUTOPSIGN                             
100158ac  LUTC                                  
100158c4  LUTSE                                 
100158dc  LUTINCI                               
100158f4  LUTJ                                  
1001596c  LUTSTATE                              
100159a9  IMPORTLENGTH                          
100159ad  IMPORTMODULUS                         
100159d1  IMPORTOPERAND                         
10015a11  EXPORTOPERAND                         
10015a35  IMPORTDATA                            
10015a51  SETOPERAND                            
10015a6d  COPY                                  
10015a85  ZERO                                  
10015a91  SETWORD                               
10015a9d  mSET                                  
10015bcd  zSET                                  
10015bd5  mINVK                                 
10015d19  zADD                                  
10015d5d  zSUB                                  
10015de9  zMACC32                               
10015e69  zSUB32                                
10015eb5  zADD32                                
10015f0d  zMULT32                               
10015f81  mMULT                                 
10016551  mADD                                  
1001664d  mSUB                                  
10016749  mOUT                                  
10016975  ssp_KeyInit_Sw                        
10016979  sspAesEncrypt_Sw                      
10016985  sspKeyExpansion_Sw                    
10016a99  sspAesEncryptKeyExp_Sw                
10016af5  sspAesEncryptBasic_Sw                 
10016b79  RoundKey_Sw                           
10016c29  AddRoundKeySubBytes_Sw                
10016c45  ShiftRows_Sw                          
10016c79  MixColumns_Sw                         
10016d05  FFMult_Sw                             
10016d29  sspAesDecrypt_Sw                      
10016da1  InvAddRoundKey_Sw                     
10016dc9  InvRoundKey_Sw                        
10016e8d  InvSubBytes_Sw                        
10016ea1  InvShiftRows_Sw                       
10016ed5  InvMixColumns_Sw                      
10016f58  FFMult2                               
10017058  FFMult3                               
10017158  RCon                                  
10017164  Sbox                                  
10017264  InvSbox                               
10017365  SSP_CCM_Auth_Sw                       
100174fd  SSP_CCM_Encrypt_Sw                    
100175ed  SSP_CTR_Encrypt_Sw                    
1001767d  SSP_CCM_Decrypt_Sw                    
10017771  SSP_CTR_Decrypt_Sw                    
10017839  SSP_CCM_InvAuth_Sw                    
10017895  SSP_CCM_Auth_Encrypt_Sw               
100178f5  SSP_CCM_InvAuth_Decrypt_Sw            
10017959  ECC_allocWorkzone                     
10017961  ECC_setWin                            
10017969  ECDSA_sign                            
10017b01  ECDSA_verif                           
10017dbd  ECC_keyGen                            
10017ded  ECDH_commonKey                        
10017e39  SHA256_updateW                        
10017e75  SHA256_round                          
10017ef1  SHA256_nextState                      
10017f49  SHA256_saveBuffer                     
10017ffd  SHA256_init                           
10018019  SHA256_process                        
10018089  SHA256_final                          
10018129  SHA256_full                           
100182ad  RFHAL_InitRfHal                       
10018315  RFHAL_AllocRatChan                    
1001833d  RFHAL_FreeRatChan                     
10018369  RFHAL_MapRatChansToInt                
10018391  RFHAL_RegisterRatChanCallback         
100183b9  RFHAL_InitDataQueue                   
100183c5  RFHAL_QueueRFDataEntries              
10018415  RFHAL_AddTxDataEntry                  
10018485  RFHAL_FreeNextTxDataEntry             
100184a9  RFHAL_AllocDataEntryQueue             
100184c5  RFHAL_FreeDataEntryQueue              
100184cd  RFHAL_GetNextDataEntry                
100184d1  RFHAL_GetTempDataEntry                
100184d5  RFHAL_NextDataEntryDone               
100184f9  RFHAL_AllocDataEntry                  
10018549  RFHAL_FreeDataEntry                   
10018551  RFHAL_BuildRingBuffer                 
100185e1  RFHAL_BuildDataEntryRingBuffer        
10018669  RFHAL_BuildLinkedBuffer               
10018935  MB_ReadMailboxStatus                  
1001893d  MB_RegisterIsrCback                   
10018945  MB_FwDebugDump                        
10018a19  AesCcm_authEncrypt_Sw                 
10018a35  AesCcm_decryptAuth_Sw                 
10018a99  Aes_encrypt_Sw                        
10018ac5  Aes_decrypt_Sw                        
10018b09  AesCcm_getNumBlocks_Sw                
10018b0c  NIST256_p                             
10018b30  NIST256_r                             
10018b54  NIST256_a                             
10018b78  NIST256_b                             
10018b9c  NIST256_Gx                            
10018bc0  NIST256_Gy                            
10018ced  __exit                                
10018d6c  Fill1                                 
10019ffc  A3_rw                                 
10019ffd  __checksum_end_CommonROM              
10019ffe  A2_rw                                 
10019ffe  P1_ro_2                               
10019ffe  __checksum_CommonROM                  
200044b8  baseTaskID                            
200044bc  cbTimers                              
20004628  LL_PM_RFCmdDoneEventCallback          
2000464c  gapAppTaskID                          
2000464d  gapProfileRole                        
2000464e  gapDeviceAddrMode                     
2000464f  gapAutoAdvPrivateAddrChange           
20004650  gapPrivateAddrChangeTimeout           
2000465e  osal_entity                           
20004664  osal_semaphore                        
20004668  osal_qHead                            
2000466c  osal_eventloop_hook                   
20004670  osal_last_timestamp                   
20004674  osal_tickperiod                       
20004678  osal_max_msecs                        
200046b0  slaveUpdateReq                        
200046b8  slaveConnHandle                       
200046bc  pEstLink                              
200046c0  pAuthLink                             
200046c4  pfnCentralConnCBs                     
200046f4  llUserConfig                          
20004704  gapTaskID                             
20004705  gapUnwantedTaskID                     
20004708  pfnPeripheralCBs                      
20004734  OSAL_timeSeconds                      
2000473c  pwrmgr_initialized                    
2000473e  pwrmgr_attribute                      
20004744  l2capMtuSize                          
20004749  reqTaskId                             
2000474a  gattAppTaskID                         
2000474b  appTaskID                             
2000474c  bleDispatch_TaskID                    
2000474d  rspBuf                                
20004788  linkDBNumConns                        
200047c0  l2capFixedChannels                    
20004808  GATTServApp_TaskID                    
2000482c  pBleEvtMask                           
20004834  pHciEvtMask2                          
2000483c  maxPduSize                            
2000483d  rfFeModeBias                          
2000483e  maxQueuedPdu                          
20004840  llConnectionExt                       
20004844  SysBootMsg                            
20004848  sclkSrc                               
2000484c  pPairingParams                        
20004850  pfnResponderCBs                       
20004858  ICall_dispatcher                      
2000485c  ICall_enterCriticalSection            
20004860  ICall_leaveCriticalSection            
2000486c  l2capTaskID                           
2000486d  l2capNumChannels                      
2000486e  l2capNumDataPkts                      
20004870  l2capChannels                         
20004874  timerHead                             
20004884  hciTaskID                             
20004885  hciTestTaskID                         
20004886  hciGapTaskID                          
20004887  hciL2capTaskID                        
20004888  hciSmpTaskID                          
20004889  hciExtTaskID                          
20004890  pGapAdvertState                       
20004894  pGapDiscReq                           
20004898  pfnPeripheralConnCBs                  
200048a0  serverInfoTbl                         
200048b0  tasksEvents                           
200048b4  gattNumConns                          
200048b5  gattTaskID                            
200048bb  smTaskID                              
200048e8  A4_rw_1                               
200048e8  RAM_BASE_ADDR                         
200048fc  P2_zi_1                               
200048fc  scanDataEntry                         
200049dc  scanDataQueue                         
200049ec  advInfo                               
20004a8c  wlTable                               
20004b10  wlTableScan                           
20004b94  initDataEntry                         
20004bcc  initDataQueue                         
20004bdc  advDataEntry                          
20004c14  advDataQueue                          
20004c24  advCmd                                
20004c6c  ownPublicAddr                         
20004c74  ownRandomAddr                         
20004c7c  ownSavedPublicAddr                    
20004c84  LL_TaskID                             
20004c85  maxTxPwrForDTM                        
20004c86  onePktPerEvt                          
20004c87  numComplPktsLimit                     
20004c88  numComplPktsFlush                     
20004c89  slOverride                            
20004c8a  rxFifoFlowCtrl                        
20004c8b  numTxDataBufs                         
20004c8c  verInfo                               
20004c94  rfCfgAdiVal                           
20004c96  sleepDelay                            
20004c98  buildInfo                             
20004c9c  peerInfo                              
20004ca8  chanMapUpdate                         
20004cb0  llConns                               
20004cb8  llState                               
20004cb9  curTxPowerVal                         
20004cba  numComplPkts                          
20004cbb  fastTxRespTime                        
20004cbc  maxNumConns                           
20004cbe  postRfOperations                      
20004cc0  rssiCorrection                        
20004cc4  taskEndAction                         
20004cf0  initParam                             
20004d14  scanParam                             
20004d38  slvParam                              
20004d58  advParam                              
20004d78  txModemTestCmd                        
20004d94  scanInfo                              
20004db0  initCmd                               
20004dc8  connReqData                           
20004de0  slvCmd                                
20004df8  scanCmd                               
20004e10  scanOutput                            
20004e28  trxTestCmd                            
20004e40  rxModemTestCmd                        
20004e58  initInfo                              
20004e70  connOutput                            
20004e84  rxTestParam                           
20004e98  advOutput                             
20004ea8  txTestParam                           
20004eb8  initOutput                            
20004ec4  rxTestOut                             
20004ed0  deviceFeatureSet                      
20004edc  dtmInfo                               
20004ee8  cachedTRNGdata                        
20004ef4  llTaskList                            
20004f00  pHciEvtMask                           
20004f08  bleEvtMask                            
20004f0a  taskEndStatus                         
20004f0c  rxDataQ                               
20004f10  rxRingBuf                             
20004f14  mstCmd                                
20004f18  mstParam                              
20004f1c  txDataQ                               
20004f20  txTestOut                             
20004f24  ctrlToHostEnable                      
20004f26  numHostBufs                           
20004f28  hciPTMenabled                         
20004f2c  A4_rw                                 
20004f2c  COMMON_RAM_BASE_ADDR                  
20004f40  P2_rw                                 
20004f40  P2_s0                                 
20004f40  win                                   
20004f44  workzone                              
20004f48  data_p                                
20004f4c  data_r                                
20004f50  data_a                                
20004f54  inScalar                              
20004f58  inPointX                              
20004f5c  inPointY                              
20004f60  outPointX                             
20004f64  outPointY                             
20004f68  SCAL                                  
20004f6c  EXPX                                  
20004f70  EXPY                                  
20004f74  EXPZ                                  
20004f78  EXPW                                  
20004f7c  ACCX                                  
20004f80  ACCY                                  
20004f84  ACCZ                                  
20004f88  TMP1                                  
20004f8c  TMP2                                  
20004f90  TMP3                                  
20004f94  TMP4                                  
20004f98  TMP5                                  
20004f9c  TMP6                                  
20004fa0  data_Gx                               
20004fa4  data_Gy                               
20004fa8  data_b                                
20004fac  P2_zi                                 
20004fac  ratChanInfo                           
20004fcc  fwInfoCmd                             
20004fd8  MSBMOD                                
20004fdc  aux64                                 
20004fe4  MOD                                   
20004fe8  LEN                                   
20004fec  mbIntCbackTable                       
20004ffc  pSspAesEncrypt_Sw                     
ffffffff  __binit__                             
ffffffff  __c_args__                            
ffffffff  binit                                 
UNDEFED   SHT$$INIT_ARRAY$$Base                 
UNDEFED   SHT$$INIT_ARRAY$$Limit                

[1174 symbols]
